1a49A_ATP_1a27A_EST
1a49A_ATP_1a52A_EST
1a49A_ATP_1abiA_DPN
1a49A_ATP_1acbE_XXX
1a49A_ATP_1alqA_SO4
1a49A_ATP_1arbA_XXX
1a49A_ATP_1azmA_AZM
1a49A_ATP_1b56A_PLM
1a49A_ATP_1b6oA_ABA
1a49A_ATP_1bt5A_SO4
1a49A_ATP_1cbsA_REA
1a49A_ATP_1choF_XXX
1a49A_ATP_1comA_PRE
1a49A_ATP_1cqqA_AG7
1a49A_ATP_1cseE_CA
1a49A_ATP_1csmA_TRP
1a49A_ATP_1dbfA_SO4
1a49A_ATP_1dcsA_SO4
1a49A_ATP_1e6wA_NAD
1a49A_ATP_1ecmA_TSA
1a49A_ATP_1elaA_0Z1
1a49A_ATP_1elcA_0Z3
1a49A_ATP_1equA_EQ1
1a49A_ATP_1ereA_EST
1a49A_ATP_1errA_RAL
1a49A_ATP_1exmA_GNP
1a49A_ATP_1fbyA_9CR
1a49A_ATP_1fdsA_EST
1a49A_ATP_1femA_REA
1a49A_ATP_1fljA_ACE
1a49A_ATP_1fnjA_CSO
1a49A_ATP_1fnkA_CSD
1a49A_ATP_1ftpA_XXX
1a49A_ATP_1g5yB_9CR
1a49A_ATP_1ghpA_PNM
1a49A_ATP_1gx9A_REA
1a49A_ATP_1hahH_NAG
1a49A_ATP_1harA_XXX
1a49A_ATP_1hmsA_OLA
1a49A_ATP_1hneI_ALV
1a49A_ATP_1hsgA_XXX
1a49A_ATP_1hshA_MK1
1a49A_ATP_1hwrA_XXX
1a49A_ATP_1ifcA_XXX
1a49A_ATP_1jd0A_AZM
1a49A_ATP_1jglL_EST
1a49A_ATP_1keqA_4MZ
1a49A_ATP_1kopA_AZI
1a49A_ATP_1kqwA_RTL
1a49A_ATP_1kzkA_EDO
1a49A_ATP_1l2iA_CCS
1a49A_ATP_1lhuA_CA
1a49A_ATP_1libA_XXX
1a49A_ATP_1lidA_OLA
1a49A_ATP_1lieA_OCS
1a49A_ATP_1lvoA_DI0
1a49A_ATP_1mbmA_XXX
1a49A_ATP_1mdcA_ACE
1a49A_ATP_1mmlA_XXX
1a49A_ATP_1mu2A_GOL
1a49A_ATP_1oh0A_EQU
1a49A_ATP_1opaA_XXX
1a49A_ATP_1opbA_RET
1a49A_ATP_1pekE_XXX
1a49A_ATP_1pmpA_OLA
1a49A_ATP_1ppfE_BMA
1a49A_ATP_1proA_A88
1a49A_ATP_1q2wA_MPD
1a49A_ATP_1qjgA_EQU
1a49A_ATP_1qktA_EST
1a49A_ATP_1rxfA_FE
1a49A_ATP_1sbnE_CA
1a49A_ATP_1sgaA_XXX
1a49A_ATP_1sgcA_XXX
1a49A_ATP_1tgsZ_SO4
1a49A_ATP_1tyrA_9CR
1a49A_ATP_1vrtA_CSD
1a49A_ATP_1whsA_ACY
1a49A_ATP_1yscA_NDG
1a49A_ATP_1zncA_SO4
1a49A_ATP_2alpA_SO4
1a49A_ATP_2cbrA_A80
1a49A_ATP_2ifbA_PLM
1a49A_ATP_2lbdA_REA
1a49A_ATP_2lprA_SO4
1a49A_ATP_3ertA_OHT
1a49A_ATP_3prkE_CA
1a49A_ATP_3sgaP_ACE
1a49A_ATP_3tecE_CA
1a49A_ATP_4csmA_TSA
1a49A_ATP_4sgbE_CA
1a49A_ATP_4tglA_DEP
1a82A_ATP_1a27A_EST
1a82A_ATP_1a52A_EST
1a82A_ATP_1abiA_DPN
1a82A_ATP_1acbE_XXX
1a82A_ATP_1alqA_SO4
1a82A_ATP_1arbA_XXX
1a82A_ATP_1azmA_AZM
1a82A_ATP_1b56A_PLM
1a82A_ATP_1b6oA_ABA
1a82A_ATP_1bt5A_SO4
1a82A_ATP_1cbsA_REA
1a82A_ATP_1choF_XXX
1a82A_ATP_1comA_PRE
1a82A_ATP_1cqqA_AG7
1a82A_ATP_1cseE_CA
1a82A_ATP_1csmA_TRP
1a82A_ATP_1dbfA_SO4
1a82A_ATP_1dcsA_SO4
1a82A_ATP_1e6wA_NAD
1a82A_ATP_1ecmA_TSA
1a82A_ATP_1elaA_0Z1
1a82A_ATP_1elcA_0Z3
1a82A_ATP_1equA_EQ1
1a82A_ATP_1ereA_EST
1a82A_ATP_1errA_RAL
1a82A_ATP_1exmA_GNP
1a82A_ATP_1fbyA_9CR
1a82A_ATP_1fdsA_EST
1a82A_ATP_1femA_REA
1a82A_ATP_1fljA_ACE
1a82A_ATP_1fnjA_CSO
1a82A_ATP_1fnkA_CSD
1a82A_ATP_1ftpA_XXX
1a82A_ATP_1g5yB_9CR
1a82A_ATP_1ghpA_PNM
1a82A_ATP_1gx9A_REA
1a82A_ATP_1hahH_NAG
1a82A_ATP_1harA_XXX
1a82A_ATP_1hmsA_OLA
1a82A_ATP_1hneI_ALV
1a82A_ATP_1hsgA_XXX
1a82A_ATP_1hshA_MK1
1a82A_ATP_1hwrA_XXX
1a82A_ATP_1ifcA_XXX
1a82A_ATP_1jd0A_AZM
1a82A_ATP_1jglL_EST
1a82A_ATP_1keqA_4MZ
1a82A_ATP_1kopA_AZI
1a82A_ATP_1kqwA_RTL
1a82A_ATP_1kzkA_EDO
1a82A_ATP_1l2iA_CCS
1a82A_ATP_1lhuA_CA
1a82A_ATP_1libA_XXX
1a82A_ATP_1lidA_OLA
1a82A_ATP_1lieA_OCS
1a82A_ATP_1lvoA_DI0
1a82A_ATP_1mbmA_XXX
1a82A_ATP_1mdcA_ACE
1a82A_ATP_1mmlA_XXX
1a82A_ATP_1mu2A_GOL
1a82A_ATP_1oh0A_EQU
1a82A_ATP_1opaA_XXX
1a82A_ATP_1opbA_RET
1a82A_ATP_1pekE_XXX
1a82A_ATP_1pmpA_OLA
1a82A_ATP_1ppfE_BMA
1a82A_ATP_1proA_A88
1a82A_ATP_1q2wA_MPD
1a82A_ATP_1qjgA_EQU
1a82A_ATP_1qktA_EST
1a82A_ATP_1rxfA_FE
1a82A_ATP_1sbnE_CA
1a82A_ATP_1sgaA_XXX
1a82A_ATP_1sgcA_XXX
1a82A_ATP_1tgsZ_SO4
1a82A_ATP_1tyrA_9CR
1a82A_ATP_1vrtA_CSD
1a82A_ATP_1whsA_ACY
1a82A_ATP_1yscA_NDG
1a82A_ATP_1zncA_SO4
1a82A_ATP_2alpA_SO4
1a82A_ATP_2cbrA_A80
1a82A_ATP_2ifbA_PLM
1a82A_ATP_2lbdA_REA
1a82A_ATP_2lprA_SO4
1a82A_ATP_3ertA_OHT
1a82A_ATP_3prkE_CA
1a82A_ATP_3sgaP_ACE
1a82A_ATP_3tecE_CA
1a82A_ATP_4csmA_TSA
1a82A_ATP_4sgbE_CA
1a82A_ATP_4tglA_DEP
1adsA_NAP_1a27A_EST
1adsA_NAP_1a52A_EST
1adsA_NAP_1abiA_DPN
1adsA_NAP_1acbE_XXX
1adsA_NAP_1alqA_SO4
1adsA_NAP_1arbA_XXX
1adsA_NAP_1azmA_AZM
1adsA_NAP_1b56A_PLM
1adsA_NAP_1b6oA_ABA
1adsA_NAP_1bt5A_SO4
1adsA_NAP_1cbsA_REA
1adsA_NAP_1choF_XXX
1adsA_NAP_1comA_PRE
1adsA_NAP_1cqqA_AG7
1adsA_NAP_1cseE_CA
1adsA_NAP_1csmA_TRP
1adsA_NAP_1dbfA_SO4
1adsA_NAP_1dcsA_SO4
1adsA_NAP_1e6wA_NAD
1adsA_NAP_1ecmA_TSA
1adsA_NAP_1elaA_0Z1
1adsA_NAP_1elcA_0Z3
1adsA_NAP_1equA_EQ1
1adsA_NAP_1ereA_EST
1adsA_NAP_1errA_RAL
1adsA_NAP_1exmA_GNP
1adsA_NAP_1fbyA_9CR
1adsA_NAP_1fdsA_EST
1adsA_NAP_1femA_REA
1adsA_NAP_1fljA_ACE
1adsA_NAP_1fnjA_CSO
1adsA_NAP_1fnkA_CSD
1adsA_NAP_1ftpA_XXX
1adsA_NAP_1g5yB_9CR
1adsA_NAP_1ghpA_PNM
1adsA_NAP_1gx9A_REA
1adsA_NAP_1hahH_NAG
1adsA_NAP_1harA_XXX
1adsA_NAP_1hmsA_OLA
1adsA_NAP_1hneI_ALV
1adsA_NAP_1hsgA_XXX
1adsA_NAP_1hshA_MK1
1adsA_NAP_1hwrA_XXX
1adsA_NAP_1ifcA_XXX
1adsA_NAP_1jd0A_AZM
1adsA_NAP_1jglL_EST
1adsA_NAP_1keqA_4MZ
1adsA_NAP_1kopA_AZI
1adsA_NAP_1kqwA_RTL
1adsA_NAP_1kzkA_EDO
1adsA_NAP_1l2iA_CCS
1adsA_NAP_1lhuA_CA
1adsA_NAP_1libA_XXX
1adsA_NAP_1lidA_OLA
1adsA_NAP_1lieA_OCS
1adsA_NAP_1lvoA_DI0
1adsA_NAP_1mbmA_XXX
1adsA_NAP_1mdcA_ACE
1adsA_NAP_1mmlA_XXX
1adsA_NAP_1mu2A_GOL
1adsA_NAP_1oh0A_EQU
1adsA_NAP_1opaA_XXX
1adsA_NAP_1opbA_RET
1adsA_NAP_1pekE_XXX
1adsA_NAP_1pmpA_OLA
1adsA_NAP_1ppfE_BMA
1adsA_NAP_1proA_A88
1adsA_NAP_1q2wA_MPD
1adsA_NAP_1qjgA_EQU
1adsA_NAP_1qktA_EST
1adsA_NAP_1rxfA_FE
1adsA_NAP_1sbnE_CA
1adsA_NAP_1sgaA_XXX
1adsA_NAP_1sgcA_XXX
1adsA_NAP_1tgsZ_SO4
1adsA_NAP_1tyrA_9CR
1adsA_NAP_1vrtA_CSD
1adsA_NAP_1whsA_ACY
1adsA_NAP_1yscA_NDG
1adsA_NAP_1zncA_SO4
1adsA_NAP_2alpA_SO4
1adsA_NAP_2cbrA_A80
1adsA_NAP_2ifbA_PLM
1adsA_NAP_2lbdA_REA
1adsA_NAP_2lprA_SO4
1adsA_NAP_3ertA_OHT
1adsA_NAP_3prkE_CA
1adsA_NAP_3sgaP_ACE
1adsA_NAP_3tecE_CA
1adsA_NAP_4csmA_TSA
1adsA_NAP_4sgbE_CA
1adsA_NAP_4tglA_DEP
1atpE_ATP_1a27A_EST
1atpE_ATP_1a52A_EST
1atpE_ATP_1abiA_DPN
1atpE_ATP_1acbE_XXX
1atpE_ATP_1alqA_SO4
1atpE_ATP_1arbA_XXX
1atpE_ATP_1azmA_AZM
1atpE_ATP_1b56A_PLM
1atpE_ATP_1b6oA_ABA
1atpE_ATP_1bt5A_SO4
1atpE_ATP_1cbsA_REA
1atpE_ATP_1choF_XXX
1atpE_ATP_1comA_PRE
1atpE_ATP_1cqqA_AG7
1atpE_ATP_1cseE_CA
1atpE_ATP_1csmA_TRP
1atpE_ATP_1dbfA_SO4
1atpE_ATP_1dcsA_SO4
1atpE_ATP_1e6wA_NAD
1atpE_ATP_1ecmA_TSA
1atpE_ATP_1elaA_0Z1
1atpE_ATP_1elcA_0Z3
1atpE_ATP_1equA_EQ1
1atpE_ATP_1ereA_EST
1atpE_ATP_1errA_RAL
1atpE_ATP_1exmA_GNP
1atpE_ATP_1fbyA_9CR
1atpE_ATP_1fdsA_EST
1atpE_ATP_1femA_REA
1atpE_ATP_1fljA_ACE
1atpE_ATP_1fnjA_CSO
1atpE_ATP_1fnkA_CSD
1atpE_ATP_1ftpA_XXX
1atpE_ATP_1g5yB_9CR
1atpE_ATP_1ghpA_PNM
1atpE_ATP_1gx9A_REA
1atpE_ATP_1hahH_NAG
1atpE_ATP_1harA_XXX
1atpE_ATP_1hmsA_OLA
1atpE_ATP_1hneI_ALV
1atpE_ATP_1hsgA_XXX
1atpE_ATP_1hshA_MK1
1atpE_ATP_1hwrA_XXX
1atpE_ATP_1ifcA_XXX
1atpE_ATP_1jd0A_AZM
1atpE_ATP_1jglL_EST
1atpE_ATP_1keqA_4MZ
1atpE_ATP_1kopA_AZI
1atpE_ATP_1kqwA_RTL
1atpE_ATP_1kzkA_EDO
1atpE_ATP_1l2iA_CCS
1atpE_ATP_1lhuA_CA
1atpE_ATP_1libA_XXX
1atpE_ATP_1lidA_OLA
1atpE_ATP_1lieA_OCS
1atpE_ATP_1lvoA_DI0
1atpE_ATP_1mbmA_XXX
1atpE_ATP_1mdcA_ACE
1atpE_ATP_1mmlA_XXX
1atpE_ATP_1mu2A_GOL
1atpE_ATP_1oh0A_EQU
1atpE_ATP_1opaA_XXX
1atpE_ATP_1opbA_RET
1atpE_ATP_1pekE_XXX
1atpE_ATP_1pmpA_OLA
1atpE_ATP_1ppfE_BMA
1atpE_ATP_1proA_A88
1atpE_ATP_1q2wA_MPD
1atpE_ATP_1qjgA_EQU
1atpE_ATP_1qktA_EST
1atpE_ATP_1rxfA_FE
1atpE_ATP_1sbnE_CA
1atpE_ATP_1sgaA_XXX
1atpE_ATP_1sgcA_XXX
1atpE_ATP_1tgsZ_SO4
1atpE_ATP_1tyrA_9CR
1atpE_ATP_1vrtA_CSD
1atpE_ATP_1whsA_ACY
1atpE_ATP_1yscA_NDG
1atpE_ATP_1zncA_SO4
1atpE_ATP_2alpA_SO4
1atpE_ATP_2cbrA_A80
1atpE_ATP_2ifbA_PLM
1atpE_ATP_2lbdA_REA
1atpE_ATP_2lprA_SO4
1atpE_ATP_3ertA_OHT
1atpE_ATP_3prkE_CA
1atpE_ATP_3sgaP_ACE
1atpE_ATP_3tecE_CA
1atpE_ATP_4csmA_TSA
1atpE_ATP_4sgbE_CA
1atpE_ATP_4tglA_DEP
1aylA_ATP_1a27A_EST
1aylA_ATP_1a52A_EST
1aylA_ATP_1abiA_DPN
1aylA_ATP_1acbE_XXX
1aylA_ATP_1alqA_SO4
1aylA_ATP_1arbA_XXX
1aylA_ATP_1azmA_AZM
1aylA_ATP_1b56A_PLM
1aylA_ATP_1b6oA_ABA
1aylA_ATP_1bt5A_SO4
1aylA_ATP_1cbsA_REA
1aylA_ATP_1choF_XXX
1aylA_ATP_1comA_PRE
1aylA_ATP_1cqqA_AG7
1aylA_ATP_1cseE_CA
1aylA_ATP_1csmA_TRP
1aylA_ATP_1dbfA_SO4
1aylA_ATP_1dcsA_SO4
1aylA_ATP_1e6wA_NAD
1aylA_ATP_1ecmA_TSA
1aylA_ATP_1elaA_0Z1
1aylA_ATP_1elcA_0Z3
1aylA_ATP_1equA_EQ1
1aylA_ATP_1ereA_EST
1aylA_ATP_1errA_RAL
1aylA_ATP_1exmA_GNP
1aylA_ATP_1fbyA_9CR
1aylA_ATP_1fdsA_EST
1aylA_ATP_1femA_REA
1aylA_ATP_1fljA_ACE
1aylA_ATP_1fnjA_CSO
1aylA_ATP_1fnkA_CSD
1aylA_ATP_1ftpA_XXX
1aylA_ATP_1g5yB_9CR
1aylA_ATP_1ghpA_PNM
1aylA_ATP_1gx9A_REA
1aylA_ATP_1hahH_NAG
1aylA_ATP_1harA_XXX
1aylA_ATP_1hmsA_OLA
1aylA_ATP_1hneI_ALV
1aylA_ATP_1hsgA_XXX
1aylA_ATP_1hshA_MK1
1aylA_ATP_1hwrA_XXX
1aylA_ATP_1ifcA_XXX
1aylA_ATP_1jd0A_AZM
1aylA_ATP_1jglL_EST
1aylA_ATP_1keqA_4MZ
1aylA_ATP_1kopA_AZI
1aylA_ATP_1kqwA_RTL
1aylA_ATP_1kzkA_EDO
1aylA_ATP_1l2iA_CCS
1aylA_ATP_1lhuA_CA
1aylA_ATP_1libA_XXX
1aylA_ATP_1lidA_OLA
1aylA_ATP_1lieA_OCS
1aylA_ATP_1lvoA_DI0
1aylA_ATP_1mbmA_XXX
1aylA_ATP_1mdcA_ACE
1aylA_ATP_1mmlA_XXX
1aylA_ATP_1mu2A_GOL
1aylA_ATP_1oh0A_EQU
1aylA_ATP_1opaA_XXX
1aylA_ATP_1opbA_RET
1aylA_ATP_1pekE_XXX
1aylA_ATP_1pmpA_OLA
1aylA_ATP_1ppfE_BMA
1aylA_ATP_1proA_A88
1aylA_ATP_1q2wA_MPD
1aylA_ATP_1qjgA_EQU
1aylA_ATP_1qktA_EST
1aylA_ATP_1rxfA_FE
1aylA_ATP_1sbnE_CA
1aylA_ATP_1sgaA_XXX
1aylA_ATP_1sgcA_XXX
1aylA_ATP_1tgsZ_SO4
1aylA_ATP_1tyrA_9CR
1aylA_ATP_1vrtA_CSD
1aylA_ATP_1whsA_ACY
1aylA_ATP_1yscA_NDG
1aylA_ATP_1zncA_SO4
1aylA_ATP_2alpA_SO4
1aylA_ATP_2cbrA_A80
1aylA_ATP_2ifbA_PLM
1aylA_ATP_2lbdA_REA
1aylA_ATP_2lprA_SO4
1aylA_ATP_3ertA_OHT
1aylA_ATP_3prkE_CA
1aylA_ATP_3sgaP_ACE
1aylA_ATP_3tecE_CA
1aylA_ATP_4csmA_TSA
1aylA_ATP_4sgbE_CA
1aylA_ATP_4tglA_DEP
1b4vA_FAD_1a27A_EST
1b4vA_FAD_1a52A_EST
1b4vA_FAD_1abiA_DPN
1b4vA_FAD_1acbE_XXX
1b4vA_FAD_1alqA_SO4
1b4vA_FAD_1arbA_XXX
1b4vA_FAD_1azmA_AZM
1b4vA_FAD_1b56A_PLM
1b4vA_FAD_1b6oA_ABA
1b4vA_FAD_1bt5A_SO4
1b4vA_FAD_1cbsA_REA
1b4vA_FAD_1choF_XXX
1b4vA_FAD_1comA_PRE
1b4vA_FAD_1cqqA_AG7
1b4vA_FAD_1cseE_CA
1b4vA_FAD_1csmA_TRP
1b4vA_FAD_1dbfA_SO4
1b4vA_FAD_1dcsA_SO4
1b4vA_FAD_1e6wA_NAD
1b4vA_FAD_1ecmA_TSA
1b4vA_FAD_1elaA_0Z1
1b4vA_FAD_1elcA_0Z3
1b4vA_FAD_1equA_EQ1
1b4vA_FAD_1ereA_EST
1b4vA_FAD_1errA_RAL
1b4vA_FAD_1exmA_GNP
1b4vA_FAD_1fbyA_9CR
1b4vA_FAD_1fdsA_EST
1b4vA_FAD_1femA_REA
1b4vA_FAD_1fljA_ACE
1b4vA_FAD_1fnjA_CSO
1b4vA_FAD_1fnkA_CSD
1b4vA_FAD_1ftpA_XXX
1b4vA_FAD_1g5yB_9CR
1b4vA_FAD_1ghpA_PNM
1b4vA_FAD_1gx9A_REA
1b4vA_FAD_1hahH_NAG
1b4vA_FAD_1harA_XXX
1b4vA_FAD_1hmsA_OLA
1b4vA_FAD_1hneI_ALV
1b4vA_FAD_1hsgA_XXX
1b4vA_FAD_1hshA_MK1
1b4vA_FAD_1hwrA_XXX
1b4vA_FAD_1ifcA_XXX
1b4vA_FAD_1jd0A_AZM
1b4vA_FAD_1jglL_EST
1b4vA_FAD_1keqA_4MZ
1b4vA_FAD_1kopA_AZI
1b4vA_FAD_1kqwA_RTL
1b4vA_FAD_1kzkA_EDO
1b4vA_FAD_1l2iA_CCS
1b4vA_FAD_1lhuA_CA
1b4vA_FAD_1libA_XXX
1b4vA_FAD_1lidA_OLA
1b4vA_FAD_1lieA_OCS
1b4vA_FAD_1lvoA_DI0
1b4vA_FAD_1mbmA_XXX
1b4vA_FAD_1mdcA_ACE
1b4vA_FAD_1mmlA_XXX
1b4vA_FAD_1mu2A_GOL
1b4vA_FAD_1oh0A_EQU
1b4vA_FAD_1opaA_XXX
1b4vA_FAD_1opbA_RET
1b4vA_FAD_1pekE_XXX
1b4vA_FAD_1pmpA_OLA
1b4vA_FAD_1ppfE_BMA
1b4vA_FAD_1proA_A88
1b4vA_FAD_1q2wA_MPD
1b4vA_FAD_1qjgA_EQU
1b4vA_FAD_1qktA_EST
1b4vA_FAD_1rxfA_FE
1b4vA_FAD_1sbnE_CA
1b4vA_FAD_1sgaA_XXX
1b4vA_FAD_1sgcA_XXX
1b4vA_FAD_1tgsZ_SO4
1b4vA_FAD_1tyrA_9CR
1b4vA_FAD_1vrtA_CSD
1b4vA_FAD_1whsA_ACY
1b4vA_FAD_1yscA_NDG
1b4vA_FAD_1zncA_SO4
1b4vA_FAD_2alpA_SO4
1b4vA_FAD_2cbrA_A80
1b4vA_FAD_2ifbA_PLM
1b4vA_FAD_2lbdA_REA
1b4vA_FAD_2lprA_SO4
1b4vA_FAD_3ertA_OHT
1b4vA_FAD_3prkE_CA
1b4vA_FAD_3sgaP_ACE
1b4vA_FAD_3tecE_CA
1b4vA_FAD_4csmA_TSA
1b4vA_FAD_4sgbE_CA
1b4vA_FAD_4tglA_DEP
1b8aA_ATP_1a27A_EST
1b8aA_ATP_1a52A_EST
1b8aA_ATP_1abiA_DPN
1b8aA_ATP_1acbE_XXX
1b8aA_ATP_1alqA_SO4
1b8aA_ATP_1arbA_XXX
1b8aA_ATP_1azmA_AZM
1b8aA_ATP_1b56A_PLM
1b8aA_ATP_1b6oA_ABA
1b8aA_ATP_1bt5A_SO4
1b8aA_ATP_1cbsA_REA
1b8aA_ATP_1choF_XXX
1b8aA_ATP_1comA_PRE
1b8aA_ATP_1cqqA_AG7
1b8aA_ATP_1cseE_CA
1b8aA_ATP_1csmA_TRP
1b8aA_ATP_1dbfA_SO4
1b8aA_ATP_1dcsA_SO4
1b8aA_ATP_1e6wA_NAD
1b8aA_ATP_1ecmA_TSA
1b8aA_ATP_1elaA_0Z1
1b8aA_ATP_1elcA_0Z3
1b8aA_ATP_1equA_EQ1
1b8aA_ATP_1ereA_EST
1b8aA_ATP_1errA_RAL
1b8aA_ATP_1exmA_GNP
1b8aA_ATP_1fbyA_9CR
1b8aA_ATP_1fdsA_EST
1b8aA_ATP_1femA_REA
1b8aA_ATP_1fljA_ACE
1b8aA_ATP_1fnjA_CSO
1b8aA_ATP_1fnkA_CSD
1b8aA_ATP_1ftpA_XXX
1b8aA_ATP_1g5yB_9CR
1b8aA_ATP_1ghpA_PNM
1b8aA_ATP_1gx9A_REA
1b8aA_ATP_1hahH_NAG
1b8aA_ATP_1harA_XXX
1b8aA_ATP_1hmsA_OLA
1b8aA_ATP_1hneI_ALV
1b8aA_ATP_1hsgA_XXX
1b8aA_ATP_1hshA_MK1
1b8aA_ATP_1hwrA_XXX
1b8aA_ATP_1ifcA_XXX
1b8aA_ATP_1jd0A_AZM
1b8aA_ATP_1jglL_EST
1b8aA_ATP_1keqA_4MZ
1b8aA_ATP_1kopA_AZI
1b8aA_ATP_1kqwA_RTL
1b8aA_ATP_1kzkA_EDO
1b8aA_ATP_1l2iA_CCS
1b8aA_ATP_1lhuA_CA
1b8aA_ATP_1libA_XXX
1b8aA_ATP_1lidA_OLA
1b8aA_ATP_1lieA_OCS
1b8aA_ATP_1lvoA_DI0
1b8aA_ATP_1mbmA_XXX
1b8aA_ATP_1mdcA_ACE
1b8aA_ATP_1mmlA_XXX
1b8aA_ATP_1mu2A_GOL
1b8aA_ATP_1oh0A_EQU
1b8aA_ATP_1opaA_XXX
1b8aA_ATP_1opbA_RET
1b8aA_ATP_1pekE_XXX
1b8aA_ATP_1pmpA_OLA
1b8aA_ATP_1ppfE_BMA
1b8aA_ATP_1proA_A88
1b8aA_ATP_1q2wA_MPD
1b8aA_ATP_1qjgA_EQU
1b8aA_ATP_1qktA_EST
1b8aA_ATP_1rxfA_FE
1b8aA_ATP_1sbnE_CA
1b8aA_ATP_1sgaA_XXX
1b8aA_ATP_1sgcA_XXX
1b8aA_ATP_1tgsZ_SO4
1b8aA_ATP_1tyrA_9CR
1b8aA_ATP_1vrtA_CSD
1b8aA_ATP_1whsA_ACY
1b8aA_ATP_1yscA_NDG
1b8aA_ATP_1zncA_SO4
1b8aA_ATP_2alpA_SO4
1b8aA_ATP_2cbrA_A80
1b8aA_ATP_2ifbA_PLM
1b8aA_ATP_2lbdA_REA
1b8aA_ATP_2lprA_SO4
1b8aA_ATP_3ertA_OHT
1b8aA_ATP_3prkE_CA
1b8aA_ATP_3sgaP_ACE
1b8aA_ATP_3tecE_CA
1b8aA_ATP_4csmA_TSA
1b8aA_ATP_4sgbE_CA
1b8aA_ATP_4tglA_DEP
1bx4A_ADN_1a27A_EST
1bx4A_ADN_1a52A_EST
1bx4A_ADN_1abiA_DPN
1bx4A_ADN_1acbE_XXX
1bx4A_ADN_1alqA_SO4
1bx4A_ADN_1arbA_XXX
1bx4A_ADN_1azmA_AZM
1bx4A_ADN_1b56A_PLM
1bx4A_ADN_1b6oA_ABA
1bx4A_ADN_1bt5A_SO4
1bx4A_ADN_1cbsA_REA
1bx4A_ADN_1choF_XXX
1bx4A_ADN_1comA_PRE
1bx4A_ADN_1cqqA_AG7
1bx4A_ADN_1cseE_CA
1bx4A_ADN_1csmA_TRP
1bx4A_ADN_1dbfA_SO4
1bx4A_ADN_1dcsA_SO4
1bx4A_ADN_1e6wA_NAD
1bx4A_ADN_1ecmA_TSA
1bx4A_ADN_1elaA_0Z1
1bx4A_ADN_1elcA_0Z3
1bx4A_ADN_1equA_EQ1
1bx4A_ADN_1ereA_EST
1bx4A_ADN_1errA_RAL
1bx4A_ADN_1exmA_GNP
1bx4A_ADN_1fbyA_9CR
1bx4A_ADN_1fdsA_EST
1bx4A_ADN_1femA_REA
1bx4A_ADN_1fljA_ACE
1bx4A_ADN_1fnjA_CSO
1bx4A_ADN_1fnkA_CSD
1bx4A_ADN_1ftpA_XXX
1bx4A_ADN_1g5yB_9CR
1bx4A_ADN_1ghpA_PNM
1bx4A_ADN_1gx9A_REA
1bx4A_ADN_1hahH_NAG
1bx4A_ADN_1harA_XXX
1bx4A_ADN_1hmsA_OLA
1bx4A_ADN_1hneI_ALV
1bx4A_ADN_1hsgA_XXX
1bx4A_ADN_1hshA_MK1
1bx4A_ADN_1hwrA_XXX
1bx4A_ADN_1ifcA_XXX
1bx4A_ADN_1jd0A_AZM
1bx4A_ADN_1jglL_EST
1bx4A_ADN_1keqA_4MZ
1bx4A_ADN_1kopA_AZI
1bx4A_ADN_1kqwA_RTL
1bx4A_ADN_1kzkA_EDO
1bx4A_ADN_1l2iA_CCS
1bx4A_ADN_1lhuA_CA
1bx4A_ADN_1libA_XXX
1bx4A_ADN_1lidA_OLA
1bx4A_ADN_1lieA_OCS
1bx4A_ADN_1lvoA_DI0
1bx4A_ADN_1mbmA_XXX
1bx4A_ADN_1mdcA_ACE
1bx4A_ADN_1mmlA_XXX
1bx4A_ADN_1mu2A_GOL
1bx4A_ADN_1oh0A_EQU
1bx4A_ADN_1opaA_XXX
1bx4A_ADN_1opbA_RET
1bx4A_ADN_1pekE_XXX
1bx4A_ADN_1pmpA_OLA
1bx4A_ADN_1ppfE_BMA
1bx4A_ADN_1proA_A88
1bx4A_ADN_1q2wA_MPD
1bx4A_ADN_1qjgA_EQU
1bx4A_ADN_1qktA_EST
1bx4A_ADN_1rxfA_FE
1bx4A_ADN_1sbnE_CA
1bx4A_ADN_1sgaA_XXX
1bx4A_ADN_1sgcA_XXX
1bx4A_ADN_1tgsZ_SO4
1bx4A_ADN_1tyrA_9CR
1bx4A_ADN_1vrtA_CSD
1bx4A_ADN_1whsA_ACY
1bx4A_ADN_1yscA_NDG
1bx4A_ADN_1zncA_SO4
1bx4A_ADN_2alpA_SO4
1bx4A_ADN_2cbrA_A80
1bx4A_ADN_2ifbA_PLM
1bx4A_ADN_2lbdA_REA
1bx4A_ADN_2lprA_SO4
1bx4A_ADN_3ertA_OHT
1bx4A_ADN_3prkE_CA
1bx4A_ADN_3sgaP_ACE
1bx4A_ADN_3tecE_CA
1bx4A_ADN_4csmA_TSA
1bx4A_ADN_4sgbE_CA
1bx4A_ADN_4tglA_DEP
1byqA_ADP_1a27A_EST
1byqA_ADP_1a52A_EST
1byqA_ADP_1abiA_DPN
1byqA_ADP_1acbE_XXX
1byqA_ADP_1alqA_SO4
1byqA_ADP_1arbA_XXX
1byqA_ADP_1azmA_AZM
1byqA_ADP_1b56A_PLM
1byqA_ADP_1b6oA_ABA
1byqA_ADP_1bt5A_SO4
1byqA_ADP_1cbsA_REA
1byqA_ADP_1choF_XXX
1byqA_ADP_1comA_PRE
1byqA_ADP_1cqqA_AG7
1byqA_ADP_1cseE_CA
1byqA_ADP_1csmA_TRP
1byqA_ADP_1dbfA_SO4
1byqA_ADP_1dcsA_SO4
1byqA_ADP_1e6wA_NAD
1byqA_ADP_1ecmA_TSA
1byqA_ADP_1elaA_0Z1
1byqA_ADP_1elcA_0Z3
1byqA_ADP_1equA_EQ1
1byqA_ADP_1ereA_EST
1byqA_ADP_1errA_RAL
1byqA_ADP_1exmA_GNP
1byqA_ADP_1fbyA_9CR
1byqA_ADP_1fdsA_EST
1byqA_ADP_1femA_REA
1byqA_ADP_1fljA_ACE
1byqA_ADP_1fnjA_CSO
1byqA_ADP_1fnkA_CSD
1byqA_ADP_1ftpA_XXX
1byqA_ADP_1g5yB_9CR
1byqA_ADP_1ghpA_PNM
1byqA_ADP_1gx9A_REA
1byqA_ADP_1hahH_NAG
1byqA_ADP_1harA_XXX
1byqA_ADP_1hmsA_OLA
1byqA_ADP_1hneI_ALV
1byqA_ADP_1hsgA_XXX
1byqA_ADP_1hshA_MK1
1byqA_ADP_1hwrA_XXX
1byqA_ADP_1ifcA_XXX
1byqA_ADP_1jd0A_AZM
1byqA_ADP_1jglL_EST
1byqA_ADP_1keqA_4MZ
1byqA_ADP_1kopA_AZI
1byqA_ADP_1kqwA_RTL
1byqA_ADP_1kzkA_EDO
1byqA_ADP_1l2iA_CCS
1byqA_ADP_1lhuA_CA
1byqA_ADP_1libA_XXX
1byqA_ADP_1lidA_OLA
1byqA_ADP_1lieA_OCS
1byqA_ADP_1lvoA_DI0
1byqA_ADP_1mbmA_XXX
1byqA_ADP_1mdcA_ACE
1byqA_ADP_1mmlA_XXX
1byqA_ADP_1mu2A_GOL
1byqA_ADP_1oh0A_EQU
1byqA_ADP_1opaA_XXX
1byqA_ADP_1opbA_RET
1byqA_ADP_1pekE_XXX
1byqA_ADP_1pmpA_OLA
1byqA_ADP_1ppfE_BMA
1byqA_ADP_1proA_A88
1byqA_ADP_1q2wA_MPD
1byqA_ADP_1qjgA_EQU
1byqA_ADP_1qktA_EST
1byqA_ADP_1rxfA_FE
1byqA_ADP_1sbnE_CA
1byqA_ADP_1sgaA_XXX
1byqA_ADP_1sgcA_XXX
1byqA_ADP_1tgsZ_SO4
1byqA_ADP_1tyrA_9CR
1byqA_ADP_1vrtA_CSD
1byqA_ADP_1whsA_ACY
1byqA_ADP_1yscA_NDG
1byqA_ADP_1zncA_SO4
1byqA_ADP_2alpA_SO4
1byqA_ADP_2cbrA_A80
1byqA_ADP_2ifbA_PLM
1byqA_ADP_2lbdA_REA
1byqA_ADP_2lprA_SO4
1byqA_ADP_3ertA_OHT
1byqA_ADP_3prkE_CA
1byqA_ADP_3sgaP_ACE
1byqA_ADP_3tecE_CA
1byqA_ADP_4csmA_TSA
1byqA_ADP_4sgbE_CA
1byqA_ADP_4tglA_DEP
1cscA_CMC_1a27A_EST
1cscA_CMC_1a52A_EST
1cscA_CMC_1abiA_DPN
1cscA_CMC_1acbE_XXX
1cscA_CMC_1alqA_SO4
1cscA_CMC_1arbA_XXX
1cscA_CMC_1azmA_AZM
1cscA_CMC_1b56A_PLM
1cscA_CMC_1b6oA_ABA
1cscA_CMC_1bt5A_SO4
1cscA_CMC_1cbsA_REA
1cscA_CMC_1choF_XXX
1cscA_CMC_1comA_PRE
1cscA_CMC_1cqqA_AG7
1cscA_CMC_1cseE_CA
1cscA_CMC_1csmA_TRP
1cscA_CMC_1dbfA_SO4
1cscA_CMC_1dcsA_SO4
1cscA_CMC_1e6wA_NAD
1cscA_CMC_1ecmA_TSA
1cscA_CMC_1elaA_0Z1
1cscA_CMC_1elcA_0Z3
1cscA_CMC_1equA_EQ1
1cscA_CMC_1ereA_EST
1cscA_CMC_1errA_RAL
1cscA_CMC_1exmA_GNP
1cscA_CMC_1fbyA_9CR
1cscA_CMC_1fdsA_EST
1cscA_CMC_1femA_REA
1cscA_CMC_1fljA_ACE
1cscA_CMC_1fnjA_CSO
1cscA_CMC_1fnkA_CSD
1cscA_CMC_1ftpA_XXX
1cscA_CMC_1g5yB_9CR
1cscA_CMC_1ghpA_PNM
1cscA_CMC_1gx9A_REA
1cscA_CMC_1hahH_NAG
1cscA_CMC_1harA_XXX
1cscA_CMC_1hmsA_OLA
1cscA_CMC_1hneI_ALV
1cscA_CMC_1hsgA_XXX
1cscA_CMC_1hshA_MK1
1cscA_CMC_1hwrA_XXX
1cscA_CMC_1ifcA_XXX
1cscA_CMC_1jd0A_AZM
1cscA_CMC_1jglL_EST
1cscA_CMC_1keqA_4MZ
1cscA_CMC_1kopA_AZI
1cscA_CMC_1kqwA_RTL
1cscA_CMC_1kzkA_EDO
1cscA_CMC_1l2iA_CCS
1cscA_CMC_1lhuA_CA
1cscA_CMC_1libA_XXX
1cscA_CMC_1lidA_OLA
1cscA_CMC_1lieA_OCS
1cscA_CMC_1lvoA_DI0
1cscA_CMC_1mbmA_XXX
1cscA_CMC_1mdcA_ACE
1cscA_CMC_1mmlA_XXX
1cscA_CMC_1mu2A_GOL
1cscA_CMC_1oh0A_EQU
1cscA_CMC_1opaA_XXX
1cscA_CMC_1opbA_RET
1cscA_CMC_1pekE_XXX
1cscA_CMC_1pmpA_OLA
1cscA_CMC_1ppfE_BMA
1cscA_CMC_1proA_A88
1cscA_CMC_1q2wA_MPD
1cscA_CMC_1qjgA_EQU
1cscA_CMC_1qktA_EST
1cscA_CMC_1rxfA_FE
1cscA_CMC_1sbnE_CA
1cscA_CMC_1sgaA_XXX
1cscA_CMC_1sgcA_XXX
1cscA_CMC_1tgsZ_SO4
1cscA_CMC_1tyrA_9CR
1cscA_CMC_1vrtA_CSD
1cscA_CMC_1whsA_ACY
1cscA_CMC_1yscA_NDG
1cscA_CMC_1zncA_SO4
1cscA_CMC_2alpA_SO4
1cscA_CMC_2cbrA_A80
1cscA_CMC_2ifbA_PLM
1cscA_CMC_2lbdA_REA
1cscA_CMC_2lprA_SO4
1cscA_CMC_3ertA_OHT
1cscA_CMC_3prkE_CA
1cscA_CMC_3sgaP_ACE
1cscA_CMC_3tecE_CA
1cscA_CMC_4csmA_TSA
1cscA_CMC_4sgbE_CA
1cscA_CMC_4tglA_DEP
1csnA_ATP_1a27A_EST
1csnA_ATP_1a52A_EST
1csnA_ATP_1abiA_DPN
1csnA_ATP_1acbE_XXX
1csnA_ATP_1alqA_SO4
1csnA_ATP_1arbA_XXX
1csnA_ATP_1azmA_AZM
1csnA_ATP_1b56A_PLM
1csnA_ATP_1b6oA_ABA
1csnA_ATP_1bt5A_SO4
1csnA_ATP_1cbsA_REA
1csnA_ATP_1choF_XXX
1csnA_ATP_1comA_PRE
1csnA_ATP_1cqqA_AG7
1csnA_ATP_1cseE_CA
1csnA_ATP_1csmA_TRP
1csnA_ATP_1dbfA_SO4
1csnA_ATP_1dcsA_SO4
1csnA_ATP_1e6wA_NAD
1csnA_ATP_1ecmA_TSA
1csnA_ATP_1elaA_0Z1
1csnA_ATP_1elcA_0Z3
1csnA_ATP_1equA_EQ1
1csnA_ATP_1ereA_EST
1csnA_ATP_1errA_RAL
1csnA_ATP_1exmA_GNP
1csnA_ATP_1fbyA_9CR
1csnA_ATP_1fdsA_EST
1csnA_ATP_1femA_REA
1csnA_ATP_1fljA_ACE
1csnA_ATP_1fnjA_CSO
1csnA_ATP_1fnkA_CSD
1csnA_ATP_1ftpA_XXX
1csnA_ATP_1g5yB_9CR
1csnA_ATP_1ghpA_PNM
1csnA_ATP_1gx9A_REA
1csnA_ATP_1hahH_NAG
1csnA_ATP_1harA_XXX
1csnA_ATP_1hmsA_OLA
1csnA_ATP_1hneI_ALV
1csnA_ATP_1hsgA_XXX
1csnA_ATP_1hshA_MK1
1csnA_ATP_1hwrA_XXX
1csnA_ATP_1ifcA_XXX
1csnA_ATP_1jd0A_AZM
1csnA_ATP_1jglL_EST
1csnA_ATP_1keqA_4MZ
1csnA_ATP_1kopA_AZI
1csnA_ATP_1kqwA_RTL
1csnA_ATP_1kzkA_EDO
1csnA_ATP_1l2iA_CCS
1csnA_ATP_1lhuA_CA
1csnA_ATP_1libA_XXX
1csnA_ATP_1lidA_OLA
1csnA_ATP_1lieA_OCS
1csnA_ATP_1lvoA_DI0
1csnA_ATP_1mbmA_XXX
1csnA_ATP_1mdcA_ACE
1csnA_ATP_1mmlA_XXX
1csnA_ATP_1mu2A_GOL
1csnA_ATP_1oh0A_EQU
1csnA_ATP_1opaA_XXX
1csnA_ATP_1opbA_RET
1csnA_ATP_1pekE_XXX
1csnA_ATP_1pmpA_OLA
1csnA_ATP_1ppfE_BMA
1csnA_ATP_1proA_A88
1csnA_ATP_1q2wA_MPD
1csnA_ATP_1qjgA_EQU
1csnA_ATP_1qktA_EST
1csnA_ATP_1rxfA_FE
1csnA_ATP_1sbnE_CA
1csnA_ATP_1sgaA_XXX
1csnA_ATP_1sgcA_XXX
1csnA_ATP_1tgsZ_SO4
1csnA_ATP_1tyrA_9CR
1csnA_ATP_1vrtA_CSD
1csnA_ATP_1whsA_ACY
1csnA_ATP_1yscA_NDG
1csnA_ATP_1zncA_SO4
1csnA_ATP_2alpA_SO4
1csnA_ATP_2cbrA_A80
1csnA_ATP_2ifbA_PLM
1csnA_ATP_2lbdA_REA
1csnA_ATP_2lprA_SO4
1csnA_ATP_3ertA_OHT
1csnA_ATP_3prkE_CA
1csnA_ATP_3sgaP_ACE
1csnA_ATP_3tecE_CA
1csnA_ATP_4csmA_TSA
1csnA_ATP_4sgbE_CA
1csnA_ATP_4tglA_DEP
1e2qA_ATP_1a27A_EST
1e2qA_ATP_1a52A_EST
1e2qA_ATP_1abiA_DPN
1e2qA_ATP_1acbE_XXX
1e2qA_ATP_1alqA_SO4
1e2qA_ATP_1arbA_XXX
1e2qA_ATP_1azmA_AZM
1e2qA_ATP_1b56A_PLM
1e2qA_ATP_1b6oA_ABA
1e2qA_ATP_1bt5A_SO4
1e2qA_ATP_1cbsA_REA
1e2qA_ATP_1choF_XXX
1e2qA_ATP_1comA_PRE
1e2qA_ATP_1cqqA_AG7
1e2qA_ATP_1cseE_CA
1e2qA_ATP_1csmA_TRP
1e2qA_ATP_1dbfA_SO4
1e2qA_ATP_1dcsA_SO4
1e2qA_ATP_1e6wA_NAD
1e2qA_ATP_1ecmA_TSA
1e2qA_ATP_1elaA_0Z1
1e2qA_ATP_1elcA_0Z3
1e2qA_ATP_1equA_EQ1
1e2qA_ATP_1ereA_EST
1e2qA_ATP_1errA_RAL
1e2qA_ATP_1exmA_GNP
1e2qA_ATP_1fbyA_9CR
1e2qA_ATP_1fdsA_EST
1e2qA_ATP_1femA_REA
1e2qA_ATP_1fljA_ACE
1e2qA_ATP_1fnjA_CSO
1e2qA_ATP_1fnkA_CSD
1e2qA_ATP_1ftpA_XXX
1e2qA_ATP_1g5yB_9CR
1e2qA_ATP_1ghpA_PNM
1e2qA_ATP_1gx9A_REA
1e2qA_ATP_1hahH_NAG
1e2qA_ATP_1harA_XXX
1e2qA_ATP_1hmsA_OLA
1e2qA_ATP_1hneI_ALV
1e2qA_ATP_1hsgA_XXX
1e2qA_ATP_1hshA_MK1
1e2qA_ATP_1hwrA_XXX
1e2qA_ATP_1ifcA_XXX
1e2qA_ATP_1jd0A_AZM
1e2qA_ATP_1jglL_EST
1e2qA_ATP_1keqA_4MZ
1e2qA_ATP_1kopA_AZI
1e2qA_ATP_1kqwA_RTL
1e2qA_ATP_1kzkA_EDO
1e2qA_ATP_1l2iA_CCS
1e2qA_ATP_1lhuA_CA
1e2qA_ATP_1libA_XXX
1e2qA_ATP_1lidA_OLA
1e2qA_ATP_1lieA_OCS
1e2qA_ATP_1lvoA_DI0
1e2qA_ATP_1mbmA_XXX
1e2qA_ATP_1mdcA_ACE
1e2qA_ATP_1mmlA_XXX
1e2qA_ATP_1mu2A_GOL
1e2qA_ATP_1oh0A_EQU
1e2qA_ATP_1opaA_XXX
1e2qA_ATP_1opbA_RET
1e2qA_ATP_1pekE_XXX
1e2qA_ATP_1pmpA_OLA
1e2qA_ATP_1ppfE_BMA
1e2qA_ATP_1proA_A88
1e2qA_ATP_1q2wA_MPD
1e2qA_ATP_1qjgA_EQU
1e2qA_ATP_1qktA_EST
1e2qA_ATP_1rxfA_FE
1e2qA_ATP_1sbnE_CA
1e2qA_ATP_1sgaA_XXX
1e2qA_ATP_1sgcA_XXX
1e2qA_ATP_1tgsZ_SO4
1e2qA_ATP_1tyrA_9CR
1e2qA_ATP_1vrtA_CSD
1e2qA_ATP_1whsA_ACY
1e2qA_ATP_1yscA_NDG
1e2qA_ATP_1zncA_SO4
1e2qA_ATP_2alpA_SO4
1e2qA_ATP_2cbrA_A80
1e2qA_ATP_2ifbA_PLM
1e2qA_ATP_2lbdA_REA
1e2qA_ATP_2lprA_SO4
1e2qA_ATP_3ertA_OHT
1e2qA_ATP_3prkE_CA
1e2qA_ATP_3sgaP_ACE
1e2qA_ATP_3tecE_CA
1e2qA_ATP_4csmA_TSA
1e2qA_ATP_4sgbE_CA
1e2qA_ATP_4tglA_DEP
1e8xA_ATP_1a27A_EST
1e8xA_ATP_1a52A_EST
1e8xA_ATP_1abiA_DPN
1e8xA_ATP_1acbE_XXX
1e8xA_ATP_1alqA_SO4
1e8xA_ATP_1arbA_XXX
1e8xA_ATP_1azmA_AZM
1e8xA_ATP_1b56A_PLM
1e8xA_ATP_1b6oA_ABA
1e8xA_ATP_1bt5A_SO4
1e8xA_ATP_1cbsA_REA
1e8xA_ATP_1choF_XXX
1e8xA_ATP_1comA_PRE
1e8xA_ATP_1cqqA_AG7
1e8xA_ATP_1cseE_CA
1e8xA_ATP_1csmA_TRP
1e8xA_ATP_1dbfA_SO4
1e8xA_ATP_1dcsA_SO4
1e8xA_ATP_1e6wA_NAD
1e8xA_ATP_1ecmA_TSA
1e8xA_ATP_1elaA_0Z1
1e8xA_ATP_1elcA_0Z3
1e8xA_ATP_1equA_EQ1
1e8xA_ATP_1ereA_EST
1e8xA_ATP_1errA_RAL
1e8xA_ATP_1exmA_GNP
1e8xA_ATP_1fbyA_9CR
1e8xA_ATP_1fdsA_EST
1e8xA_ATP_1femA_REA
1e8xA_ATP_1fljA_ACE
1e8xA_ATP_1fnjA_CSO
1e8xA_ATP_1fnkA_CSD
1e8xA_ATP_1ftpA_XXX
1e8xA_ATP_1g5yB_9CR
1e8xA_ATP_1ghpA_PNM
1e8xA_ATP_1gx9A_REA
1e8xA_ATP_1hahH_NAG
1e8xA_ATP_1harA_XXX
1e8xA_ATP_1hmsA_OLA
1e8xA_ATP_1hneI_ALV
1e8xA_ATP_1hsgA_XXX
1e8xA_ATP_1hshA_MK1
1e8xA_ATP_1hwrA_XXX
1e8xA_ATP_1ifcA_XXX
1e8xA_ATP_1jd0A_AZM
1e8xA_ATP_1jglL_EST
1e8xA_ATP_1keqA_4MZ
1e8xA_ATP_1kopA_AZI
1e8xA_ATP_1kqwA_RTL
1e8xA_ATP_1kzkA_EDO
1e8xA_ATP_1l2iA_CCS
1e8xA_ATP_1lhuA_CA
1e8xA_ATP_1libA_XXX
1e8xA_ATP_1lidA_OLA
1e8xA_ATP_1lieA_OCS
1e8xA_ATP_1lvoA_DI0
1e8xA_ATP_1mbmA_XXX
1e8xA_ATP_1mdcA_ACE
1e8xA_ATP_1mmlA_XXX
1e8xA_ATP_1mu2A_GOL
1e8xA_ATP_1oh0A_EQU
1e8xA_ATP_1opaA_XXX
1e8xA_ATP_1opbA_RET
1e8xA_ATP_1pekE_XXX
1e8xA_ATP_1pmpA_OLA
1e8xA_ATP_1ppfE_BMA
1e8xA_ATP_1proA_A88
1e8xA_ATP_1q2wA_MPD
1e8xA_ATP_1qjgA_EQU
1e8xA_ATP_1qktA_EST
1e8xA_ATP_1rxfA_FE
1e8xA_ATP_1sbnE_CA
1e8xA_ATP_1sgaA_XXX
1e8xA_ATP_1sgcA_XXX
1e8xA_ATP_1tgsZ_SO4
1e8xA_ATP_1tyrA_9CR
1e8xA_ATP_1vrtA_CSD
1e8xA_ATP_1whsA_ACY
1e8xA_ATP_1yscA_NDG
1e8xA_ATP_1zncA_SO4
1e8xA_ATP_2alpA_SO4
1e8xA_ATP_2cbrA_A80
1e8xA_ATP_2ifbA_PLM
1e8xA_ATP_2lbdA_REA
1e8xA_ATP_2lprA_SO4
1e8xA_ATP_3ertA_OHT
1e8xA_ATP_3prkE_CA
1e8xA_ATP_3sgaP_ACE
1e8xA_ATP_3tecE_CA
1e8xA_ATP_4csmA_TSA
1e8xA_ATP_4sgbE_CA
1e8xA_ATP_4tglA_DEP
1f9aA_ATP_1a27A_EST
1f9aA_ATP_1a52A_EST
1f9aA_ATP_1abiA_DPN
1f9aA_ATP_1acbE_XXX
1f9aA_ATP_1alqA_SO4
1f9aA_ATP_1arbA_XXX
1f9aA_ATP_1azmA_AZM
1f9aA_ATP_1b56A_PLM
1f9aA_ATP_1b6oA_ABA
1f9aA_ATP_1bt5A_SO4
1f9aA_ATP_1cbsA_REA
1f9aA_ATP_1choF_XXX
1f9aA_ATP_1comA_PRE
1f9aA_ATP_1cqqA_AG7
1f9aA_ATP_1cseE_CA
1f9aA_ATP_1csmA_TRP
1f9aA_ATP_1dbfA_SO4
1f9aA_ATP_1dcsA_SO4
1f9aA_ATP_1e6wA_NAD
1f9aA_ATP_1ecmA_TSA
1f9aA_ATP_1elaA_0Z1
1f9aA_ATP_1elcA_0Z3
1f9aA_ATP_1equA_EQ1
1f9aA_ATP_1ereA_EST
1f9aA_ATP_1errA_RAL
1f9aA_ATP_1exmA_GNP
1f9aA_ATP_1fbyA_9CR
1f9aA_ATP_1fdsA_EST
1f9aA_ATP_1femA_REA
1f9aA_ATP_1fljA_ACE
1f9aA_ATP_1fnjA_CSO
1f9aA_ATP_1fnkA_CSD
1f9aA_ATP_1ftpA_XXX
1f9aA_ATP_1g5yB_9CR
1f9aA_ATP_1ghpA_PNM
1f9aA_ATP_1gx9A_REA
1f9aA_ATP_1hahH_NAG
1f9aA_ATP_1harA_XXX
1f9aA_ATP_1hmsA_OLA
1f9aA_ATP_1hneI_ALV
1f9aA_ATP_1hsgA_XXX
1f9aA_ATP_1hshA_MK1
1f9aA_ATP_1hwrA_XXX
1f9aA_ATP_1ifcA_XXX
1f9aA_ATP_1jd0A_AZM
1f9aA_ATP_1jglL_EST
1f9aA_ATP_1keqA_4MZ
1f9aA_ATP_1kopA_AZI
1f9aA_ATP_1kqwA_RTL
1f9aA_ATP_1kzkA_EDO
1f9aA_ATP_1l2iA_CCS
1f9aA_ATP_1lhuA_CA
1f9aA_ATP_1libA_XXX
1f9aA_ATP_1lidA_OLA
1f9aA_ATP_1lieA_OCS
1f9aA_ATP_1lvoA_DI0
1f9aA_ATP_1mbmA_XXX
1f9aA_ATP_1mdcA_ACE
1f9aA_ATP_1mmlA_XXX
1f9aA_ATP_1mu2A_GOL
1f9aA_ATP_1oh0A_EQU
1f9aA_ATP_1opaA_XXX
1f9aA_ATP_1opbA_RET
1f9aA_ATP_1pekE_XXX
1f9aA_ATP_1pmpA_OLA
1f9aA_ATP_1ppfE_BMA
1f9aA_ATP_1proA_A88
1f9aA_ATP_1q2wA_MPD
1f9aA_ATP_1qjgA_EQU
1f9aA_ATP_1qktA_EST
1f9aA_ATP_1rxfA_FE
1f9aA_ATP_1sbnE_CA
1f9aA_ATP_1sgaA_XXX
1f9aA_ATP_1sgcA_XXX
1f9aA_ATP_1tgsZ_SO4
1f9aA_ATP_1tyrA_9CR
1f9aA_ATP_1vrtA_CSD
1f9aA_ATP_1whsA_ACY
1f9aA_ATP_1yscA_NDG
1f9aA_ATP_1zncA_SO4
1f9aA_ATP_2alpA_SO4
1f9aA_ATP_2cbrA_A80
1f9aA_ATP_2ifbA_PLM
1f9aA_ATP_2lbdA_REA
1f9aA_ATP_2lprA_SO4
1f9aA_ATP_3ertA_OHT
1f9aA_ATP_3prkE_CA
1f9aA_ATP_3sgaP_ACE
1f9aA_ATP_3tecE_CA
1f9aA_ATP_4csmA_TSA
1f9aA_ATP_4sgbE_CA
1f9aA_ATP_4tglA_DEP
1fmwA_ATP_1a27A_EST
1fmwA_ATP_1a52A_EST
1fmwA_ATP_1abiA_DPN
1fmwA_ATP_1acbE_XXX
1fmwA_ATP_1alqA_SO4
1fmwA_ATP_1arbA_XXX
1fmwA_ATP_1azmA_AZM
1fmwA_ATP_1b56A_PLM
1fmwA_ATP_1b6oA_ABA
1fmwA_ATP_1bt5A_SO4
1fmwA_ATP_1cbsA_REA
1fmwA_ATP_1choF_XXX
1fmwA_ATP_1comA_PRE
1fmwA_ATP_1cqqA_AG7
1fmwA_ATP_1cseE_CA
1fmwA_ATP_1csmA_TRP
1fmwA_ATP_1dbfA_SO4
1fmwA_ATP_1dcsA_SO4
1fmwA_ATP_1e6wA_NAD
1fmwA_ATP_1ecmA_TSA
1fmwA_ATP_1elaA_0Z1
1fmwA_ATP_1elcA_0Z3
1fmwA_ATP_1equA_EQ1
1fmwA_ATP_1ereA_EST
1fmwA_ATP_1errA_RAL
1fmwA_ATP_1exmA_GNP
1fmwA_ATP_1fbyA_9CR
1fmwA_ATP_1fdsA_EST
1fmwA_ATP_1femA_REA
1fmwA_ATP_1fljA_ACE
1fmwA_ATP_1fnjA_CSO
1fmwA_ATP_1fnkA_CSD
1fmwA_ATP_1ftpA_XXX
1fmwA_ATP_1g5yB_9CR
1fmwA_ATP_1ghpA_PNM
1fmwA_ATP_1gx9A_REA
1fmwA_ATP_1hahH_NAG
1fmwA_ATP_1harA_XXX
1fmwA_ATP_1hmsA_OLA
1fmwA_ATP_1hneI_ALV
1fmwA_ATP_1hsgA_XXX
1fmwA_ATP_1hshA_MK1
1fmwA_ATP_1hwrA_XXX
1fmwA_ATP_1ifcA_XXX
1fmwA_ATP_1jd0A_AZM
1fmwA_ATP_1jglL_EST
1fmwA_ATP_1keqA_4MZ
1fmwA_ATP_1kopA_AZI
1fmwA_ATP_1kqwA_RTL
1fmwA_ATP_1kzkA_EDO
1fmwA_ATP_1l2iA_CCS
1fmwA_ATP_1lhuA_CA
1fmwA_ATP_1libA_XXX
1fmwA_ATP_1lidA_OLA
1fmwA_ATP_1lieA_OCS
1fmwA_ATP_1lvoA_DI0
1fmwA_ATP_1mbmA_XXX
1fmwA_ATP_1mdcA_ACE
1fmwA_ATP_1mmlA_XXX
1fmwA_ATP_1mu2A_GOL
1fmwA_ATP_1oh0A_EQU
1fmwA_ATP_1opaA_XXX
1fmwA_ATP_1opbA_RET
1fmwA_ATP_1pekE_XXX
1fmwA_ATP_1pmpA_OLA
1fmwA_ATP_1ppfE_BMA
1fmwA_ATP_1proA_A88
1fmwA_ATP_1q2wA_MPD
1fmwA_ATP_1qjgA_EQU
1fmwA_ATP_1qktA_EST
1fmwA_ATP_1rxfA_FE
1fmwA_ATP_1sbnE_CA
1fmwA_ATP_1sgaA_XXX
1fmwA_ATP_1sgcA_XXX
1fmwA_ATP_1tgsZ_SO4
1fmwA_ATP_1tyrA_9CR
1fmwA_ATP_1vrtA_CSD
1fmwA_ATP_1whsA_ACY
1fmwA_ATP_1yscA_NDG
1fmwA_ATP_1zncA_SO4
1fmwA_ATP_2alpA_SO4
1fmwA_ATP_2cbrA_A80
1fmwA_ATP_2ifbA_PLM
1fmwA_ATP_2lbdA_REA
1fmwA_ATP_2lprA_SO4
1fmwA_ATP_3ertA_OHT
1fmwA_ATP_3prkE_CA
1fmwA_ATP_3sgaP_ACE
1fmwA_ATP_3tecE_CA
1fmwA_ATP_4csmA_TSA
1fmwA_ATP_4sgbE_CA
1fmwA_ATP_4tglA_DEP
1g5tA_ATP_1a27A_EST
1g5tA_ATP_1a52A_EST
1g5tA_ATP_1abiA_DPN
1g5tA_ATP_1acbE_XXX
1g5tA_ATP_1alqA_SO4
1g5tA_ATP_1arbA_XXX
1g5tA_ATP_1azmA_AZM
1g5tA_ATP_1b56A_PLM
1g5tA_ATP_1b6oA_ABA
1g5tA_ATP_1bt5A_SO4
1g5tA_ATP_1cbsA_REA
1g5tA_ATP_1choF_XXX
1g5tA_ATP_1comA_PRE
1g5tA_ATP_1cqqA_AG7
1g5tA_ATP_1cseE_CA
1g5tA_ATP_1csmA_TRP
1g5tA_ATP_1dbfA_SO4
1g5tA_ATP_1dcsA_SO4
1g5tA_ATP_1e6wA_NAD
1g5tA_ATP_1ecmA_TSA
1g5tA_ATP_1elaA_0Z1
1g5tA_ATP_1elcA_0Z3
1g5tA_ATP_1equA_EQ1
1g5tA_ATP_1ereA_EST
1g5tA_ATP_1errA_RAL
1g5tA_ATP_1exmA_GNP
1g5tA_ATP_1fbyA_9CR
1g5tA_ATP_1fdsA_EST
1g5tA_ATP_1femA_REA
1g5tA_ATP_1fljA_ACE
1g5tA_ATP_1fnjA_CSO
1g5tA_ATP_1fnkA_CSD
1g5tA_ATP_1ftpA_XXX
1g5tA_ATP_1g5yB_9CR
1g5tA_ATP_1ghpA_PNM
1g5tA_ATP_1gx9A_REA
1g5tA_ATP_1hahH_NAG
1g5tA_ATP_1harA_XXX
1g5tA_ATP_1hmsA_OLA
1g5tA_ATP_1hneI_ALV
1g5tA_ATP_1hsgA_XXX
1g5tA_ATP_1hshA_MK1
1g5tA_ATP_1hwrA_XXX
1g5tA_ATP_1ifcA_XXX
1g5tA_ATP_1jd0A_AZM
1g5tA_ATP_1jglL_EST
1g5tA_ATP_1keqA_4MZ
1g5tA_ATP_1kopA_AZI
1g5tA_ATP_1kqwA_RTL
1g5tA_ATP_1kzkA_EDO
1g5tA_ATP_1l2iA_CCS
1g5tA_ATP_1lhuA_CA
1g5tA_ATP_1libA_XXX
1g5tA_ATP_1lidA_OLA
1g5tA_ATP_1lieA_OCS
1g5tA_ATP_1lvoA_DI0
1g5tA_ATP_1mbmA_XXX
1g5tA_ATP_1mdcA_ACE
1g5tA_ATP_1mmlA_XXX
1g5tA_ATP_1mu2A_GOL
1g5tA_ATP_1oh0A_EQU
1g5tA_ATP_1opaA_XXX
1g5tA_ATP_1opbA_RET
1g5tA_ATP_1pekE_XXX
1g5tA_ATP_1pmpA_OLA
1g5tA_ATP_1ppfE_BMA
1g5tA_ATP_1proA_A88
1g5tA_ATP_1q2wA_MPD
1g5tA_ATP_1qjgA_EQU
1g5tA_ATP_1qktA_EST
1g5tA_ATP_1rxfA_FE
1g5tA_ATP_1sbnE_CA
1g5tA_ATP_1sgaA_XXX
1g5tA_ATP_1sgcA_XXX
1g5tA_ATP_1tgsZ_SO4
1g5tA_ATP_1tyrA_9CR
1g5tA_ATP_1vrtA_CSD
1g5tA_ATP_1whsA_ACY
1g5tA_ATP_1yscA_NDG
1g5tA_ATP_1zncA_SO4
1g5tA_ATP_2alpA_SO4
1g5tA_ATP_2cbrA_A80
1g5tA_ATP_2ifbA_PLM
1g5tA_ATP_2lbdA_REA
1g5tA_ATP_2lprA_SO4
1g5tA_ATP_3ertA_OHT
1g5tA_ATP_3prkE_CA
1g5tA_ATP_3sgaP_ACE
1g5tA_ATP_3tecE_CA
1g5tA_ATP_4csmA_TSA
1g5tA_ATP_4sgbE_CA
1g5tA_ATP_4tglA_DEP
1gn8A_ATP_1a27A_EST
1gn8A_ATP_1a52A_EST
1gn8A_ATP_1abiA_DPN
1gn8A_ATP_1acbE_XXX
1gn8A_ATP_1alqA_SO4
1gn8A_ATP_1arbA_XXX
1gn8A_ATP_1azmA_AZM
1gn8A_ATP_1b56A_PLM
1gn8A_ATP_1b6oA_ABA
1gn8A_ATP_1bt5A_SO4
1gn8A_ATP_1cbsA_REA
1gn8A_ATP_1choF_XXX
1gn8A_ATP_1comA_PRE
1gn8A_ATP_1cqqA_AG7
1gn8A_ATP_1cseE_CA
1gn8A_ATP_1csmA_TRP
1gn8A_ATP_1dbfA_SO4
1gn8A_ATP_1dcsA_SO4
1gn8A_ATP_1e6wA_NAD
1gn8A_ATP_1ecmA_TSA
1gn8A_ATP_1elaA_0Z1
1gn8A_ATP_1elcA_0Z3
1gn8A_ATP_1equA_EQ1
1gn8A_ATP_1ereA_EST
1gn8A_ATP_1errA_RAL
1gn8A_ATP_1exmA_GNP
1gn8A_ATP_1fbyA_9CR
1gn8A_ATP_1fdsA_EST
1gn8A_ATP_1femA_REA
1gn8A_ATP_1fljA_ACE
1gn8A_ATP_1fnjA_CSO
1gn8A_ATP_1fnkA_CSD
1gn8A_ATP_1ftpA_XXX
1gn8A_ATP_1g5yB_9CR
1gn8A_ATP_1ghpA_PNM
1gn8A_ATP_1gx9A_REA
1gn8A_ATP_1hahH_NAG
1gn8A_ATP_1harA_XXX
1gn8A_ATP_1hmsA_OLA
1gn8A_ATP_1hneI_ALV
1gn8A_ATP_1hsgA_XXX
1gn8A_ATP_1hshA_MK1
1gn8A_ATP_1hwrA_XXX
1gn8A_ATP_1ifcA_XXX
1gn8A_ATP_1jd0A_AZM
1gn8A_ATP_1jglL_EST
1gn8A_ATP_1keqA_4MZ
1gn8A_ATP_1kopA_AZI
1gn8A_ATP_1kqwA_RTL
1gn8A_ATP_1kzkA_EDO
1gn8A_ATP_1l2iA_CCS
1gn8A_ATP_1lhuA_CA
1gn8A_ATP_1libA_XXX
1gn8A_ATP_1lidA_OLA
1gn8A_ATP_1lieA_OCS
1gn8A_ATP_1lvoA_DI0
1gn8A_ATP_1mbmA_XXX
1gn8A_ATP_1mdcA_ACE
1gn8A_ATP_1mmlA_XXX
1gn8A_ATP_1mu2A_GOL
1gn8A_ATP_1oh0A_EQU
1gn8A_ATP_1opaA_XXX
1gn8A_ATP_1opbA_RET
1gn8A_ATP_1pekE_XXX
1gn8A_ATP_1pmpA_OLA
1gn8A_ATP_1ppfE_BMA
1gn8A_ATP_1proA_A88
1gn8A_ATP_1q2wA_MPD
1gn8A_ATP_1qjgA_EQU
1gn8A_ATP_1qktA_EST
1gn8A_ATP_1rxfA_FE
1gn8A_ATP_1sbnE_CA
1gn8A_ATP_1sgaA_XXX
1gn8A_ATP_1sgcA_XXX
1gn8A_ATP_1tgsZ_SO4
1gn8A_ATP_1tyrA_9CR
1gn8A_ATP_1vrtA_CSD
1gn8A_ATP_1whsA_ACY
1gn8A_ATP_1yscA_NDG
1gn8A_ATP_1zncA_SO4
1gn8A_ATP_2alpA_SO4
1gn8A_ATP_2cbrA_A80
1gn8A_ATP_2ifbA_PLM
1gn8A_ATP_2lbdA_REA
1gn8A_ATP_2lprA_SO4
1gn8A_ATP_3ertA_OHT
1gn8A_ATP_3prkE_CA
1gn8A_ATP_3sgaP_ACE
1gn8A_ATP_3tecE_CA
1gn8A_ATP_4csmA_TSA
1gn8A_ATP_4sgbE_CA
1gn8A_ATP_4tglA_DEP
1hckA_ATP_1a27A_EST
1hckA_ATP_1a52A_EST
1hckA_ATP_1abiA_DPN
1hckA_ATP_1acbE_XXX
1hckA_ATP_1alqA_SO4
1hckA_ATP_1arbA_XXX
1hckA_ATP_1azmA_AZM
1hckA_ATP_1b56A_PLM
1hckA_ATP_1b6oA_ABA
1hckA_ATP_1bt5A_SO4
1hckA_ATP_1cbsA_REA
1hckA_ATP_1choF_XXX
1hckA_ATP_1comA_PRE
1hckA_ATP_1cqqA_AG7
1hckA_ATP_1cseE_CA
1hckA_ATP_1csmA_TRP
1hckA_ATP_1dbfA_SO4
1hckA_ATP_1dcsA_SO4
1hckA_ATP_1e6wA_NAD
1hckA_ATP_1ecmA_TSA
1hckA_ATP_1elaA_0Z1
1hckA_ATP_1elcA_0Z3
1hckA_ATP_1equA_EQ1
1hckA_ATP_1ereA_EST
1hckA_ATP_1errA_RAL
1hckA_ATP_1exmA_GNP
1hckA_ATP_1fbyA_9CR
1hckA_ATP_1fdsA_EST
1hckA_ATP_1femA_REA
1hckA_ATP_1fljA_ACE
1hckA_ATP_1fnjA_CSO
1hckA_ATP_1fnkA_CSD
1hckA_ATP_1ftpA_XXX
1hckA_ATP_1g5yB_9CR
1hckA_ATP_1ghpA_PNM
1hckA_ATP_1gx9A_REA
1hckA_ATP_1hahH_NAG
1hckA_ATP_1harA_XXX
1hckA_ATP_1hmsA_OLA
1hckA_ATP_1hneI_ALV
1hckA_ATP_1hsgA_XXX
1hckA_ATP_1hshA_MK1
1hckA_ATP_1hwrA_XXX
1hckA_ATP_1ifcA_XXX
1hckA_ATP_1jd0A_AZM
1hckA_ATP_1jglL_EST
1hckA_ATP_1keqA_4MZ
1hckA_ATP_1kopA_AZI
1hckA_ATP_1kqwA_RTL
1hckA_ATP_1kzkA_EDO
1hckA_ATP_1l2iA_CCS
1hckA_ATP_1lhuA_CA
1hckA_ATP_1libA_XXX
1hckA_ATP_1lidA_OLA
1hckA_ATP_1lieA_OCS
1hckA_ATP_1lvoA_DI0
1hckA_ATP_1mbmA_XXX
1hckA_ATP_1mdcA_ACE
1hckA_ATP_1mmlA_XXX
1hckA_ATP_1mu2A_GOL
1hckA_ATP_1oh0A_EQU
1hckA_ATP_1opaA_XXX
1hckA_ATP_1opbA_RET
1hckA_ATP_1pekE_XXX
1hckA_ATP_1pmpA_OLA
1hckA_ATP_1ppfE_BMA
1hckA_ATP_1proA_A88
1hckA_ATP_1q2wA_MPD
1hckA_ATP_1qjgA_EQU
1hckA_ATP_1qktA_EST
1hckA_ATP_1rxfA_FE
1hckA_ATP_1sbnE_CA
1hckA_ATP_1sgaA_XXX
1hckA_ATP_1sgcA_XXX
1hckA_ATP_1tgsZ_SO4
1hckA_ATP_1tyrA_9CR
1hckA_ATP_1vrtA_CSD
1hckA_ATP_1whsA_ACY
1hckA_ATP_1yscA_NDG
1hckA_ATP_1zncA_SO4
1hckA_ATP_2alpA_SO4
1hckA_ATP_2cbrA_A80
1hckA_ATP_2ifbA_PLM
1hckA_ATP_2lbdA_REA
1hckA_ATP_2lprA_SO4
1hckA_ATP_3ertA_OHT
1hckA_ATP_3prkE_CA
1hckA_ATP_3sgaP_ACE
1hckA_ATP_3tecE_CA
1hckA_ATP_4csmA_TSA
1hckA_ATP_4sgbE_CA
1hckA_ATP_4tglA_DEP
1hplA_CA_1a27A_EST
1hplA_CA_1a52A_EST
1hplA_CA_1abiA_DPN
1hplA_CA_1acbE_XXX
1hplA_CA_1alqA_SO4
1hplA_CA_1arbA_XXX
1hplA_CA_1azmA_AZM
1hplA_CA_1b56A_PLM
1hplA_CA_1b6oA_ABA
1hplA_CA_1bt5A_SO4
1hplA_CA_1cbsA_REA
1hplA_CA_1choF_XXX
1hplA_CA_1comA_PRE
1hplA_CA_1cqqA_AG7
1hplA_CA_1cseE_CA
1hplA_CA_1csmA_TRP
1hplA_CA_1dbfA_SO4
1hplA_CA_1dcsA_SO4
1hplA_CA_1e6wA_NAD
1hplA_CA_1ecmA_TSA
1hplA_CA_1elaA_0Z1
1hplA_CA_1elcA_0Z3
1hplA_CA_1equA_EQ1
1hplA_CA_1ereA_EST
1hplA_CA_1errA_RAL
1hplA_CA_1exmA_GNP
1hplA_CA_1fbyA_9CR
1hplA_CA_1fdsA_EST
1hplA_CA_1femA_REA
1hplA_CA_1fljA_ACE
1hplA_CA_1fnjA_CSO
1hplA_CA_1fnkA_CSD
1hplA_CA_1ftpA_XXX
1hplA_CA_1g5yB_9CR
1hplA_CA_1ghpA_PNM
1hplA_CA_1gx9A_REA
1hplA_CA_1hahH_NAG
1hplA_CA_1harA_XXX
1hplA_CA_1hmsA_OLA
1hplA_CA_1hneI_ALV
1hplA_CA_1hsgA_XXX
1hplA_CA_1hshA_MK1
1hplA_CA_1hwrA_XXX
1hplA_CA_1ifcA_XXX
1hplA_CA_1jd0A_AZM
1hplA_CA_1jglL_EST
1hplA_CA_1keqA_4MZ
1hplA_CA_1kopA_AZI
1hplA_CA_1kqwA_RTL
1hplA_CA_1kzkA_EDO
1hplA_CA_1l2iA_CCS
1hplA_CA_1lhuA_CA
1hplA_CA_1libA_XXX
1hplA_CA_1lidA_OLA
1hplA_CA_1lieA_OCS
1hplA_CA_1lvoA_DI0
1hplA_CA_1mbmA_XXX
1hplA_CA_1mdcA_ACE
1hplA_CA_1mmlA_XXX
1hplA_CA_1mu2A_GOL
1hplA_CA_1oh0A_EQU
1hplA_CA_1opaA_XXX
1hplA_CA_1opbA_RET
1hplA_CA_1pekE_XXX
1hplA_CA_1pmpA_OLA
1hplA_CA_1ppfE_BMA
1hplA_CA_1proA_A88
1hplA_CA_1q2wA_MPD
1hplA_CA_1qjgA_EQU
1hplA_CA_1qktA_EST
1hplA_CA_1rxfA_FE
1hplA_CA_1sbnE_CA
1hplA_CA_1sgaA_XXX
1hplA_CA_1sgcA_XXX
1hplA_CA_1tgsZ_SO4
1hplA_CA_1tyrA_9CR
1hplA_CA_1vrtA_CSD
1hplA_CA_1whsA_ACY
1hplA_CA_1yscA_NDG
1hplA_CA_1zncA_SO4
1hplA_CA_2alpA_SO4
1hplA_CA_2cbrA_A80
1hplA_CA_2ifbA_PLM
1hplA_CA_2lbdA_REA
1hplA_CA_2lprA_SO4
1hplA_CA_3ertA_OHT
1hplA_CA_3prkE_CA
1hplA_CA_3sgaP_ACE
1hplA_CA_3tecE_CA
1hplA_CA_4csmA_TSA
1hplA_CA_4sgbE_CA
1hplA_CA_4tglA_DEP
1j7kA_ATP_1a27A_EST
1j7kA_ATP_1a52A_EST
1j7kA_ATP_1abiA_DPN
1j7kA_ATP_1acbE_XXX
1j7kA_ATP_1alqA_SO4
1j7kA_ATP_1arbA_XXX
1j7kA_ATP_1azmA_AZM
1j7kA_ATP_1b56A_PLM
1j7kA_ATP_1b6oA_ABA
1j7kA_ATP_1bt5A_SO4
1j7kA_ATP_1cbsA_REA
1j7kA_ATP_1choF_XXX
1j7kA_ATP_1comA_PRE
1j7kA_ATP_1cqqA_AG7
1j7kA_ATP_1cseE_CA
1j7kA_ATP_1csmA_TRP
1j7kA_ATP_1dbfA_SO4
1j7kA_ATP_1dcsA_SO4
1j7kA_ATP_1e6wA_NAD
1j7kA_ATP_1ecmA_TSA
1j7kA_ATP_1elaA_0Z1
1j7kA_ATP_1elcA_0Z3
1j7kA_ATP_1equA_EQ1
1j7kA_ATP_1ereA_EST
1j7kA_ATP_1errA_RAL
1j7kA_ATP_1exmA_GNP
1j7kA_ATP_1fbyA_9CR
1j7kA_ATP_1fdsA_EST
1j7kA_ATP_1femA_REA
1j7kA_ATP_1fljA_ACE
1j7kA_ATP_1fnjA_CSO
1j7kA_ATP_1fnkA_CSD
1j7kA_ATP_1ftpA_XXX
1j7kA_ATP_1g5yB_9CR
1j7kA_ATP_1ghpA_PNM
1j7kA_ATP_1gx9A_REA
1j7kA_ATP_1hahH_NAG
1j7kA_ATP_1harA_XXX
1j7kA_ATP_1hmsA_OLA
1j7kA_ATP_1hneI_ALV
1j7kA_ATP_1hsgA_XXX
1j7kA_ATP_1hshA_MK1
1j7kA_ATP_1hwrA_XXX
1j7kA_ATP_1ifcA_XXX
1j7kA_ATP_1jd0A_AZM
1j7kA_ATP_1jglL_EST
1j7kA_ATP_1keqA_4MZ
1j7kA_ATP_1kopA_AZI
1j7kA_ATP_1kqwA_RTL
1j7kA_ATP_1kzkA_EDO
1j7kA_ATP_1l2iA_CCS
1j7kA_ATP_1lhuA_CA
1j7kA_ATP_1libA_XXX
1j7kA_ATP_1lidA_OLA
1j7kA_ATP_1lieA_OCS
1j7kA_ATP_1lvoA_DI0
1j7kA_ATP_1mbmA_XXX
1j7kA_ATP_1mdcA_ACE
1j7kA_ATP_1mmlA_XXX
1j7kA_ATP_1mu2A_GOL
1j7kA_ATP_1oh0A_EQU
1j7kA_ATP_1opaA_XXX
1j7kA_ATP_1opbA_RET
1j7kA_ATP_1pekE_XXX
1j7kA_ATP_1pmpA_OLA
1j7kA_ATP_1ppfE_BMA
1j7kA_ATP_1proA_A88
1j7kA_ATP_1q2wA_MPD
1j7kA_ATP_1qjgA_EQU
1j7kA_ATP_1qktA_EST
1j7kA_ATP_1rxfA_FE
1j7kA_ATP_1sbnE_CA
1j7kA_ATP_1sgaA_XXX
1j7kA_ATP_1sgcA_XXX
1j7kA_ATP_1tgsZ_SO4
1j7kA_ATP_1tyrA_9CR
1j7kA_ATP_1vrtA_CSD
1j7kA_ATP_1whsA_ACY
1j7kA_ATP_1yscA_NDG
1j7kA_ATP_1zncA_SO4
1j7kA_ATP_2alpA_SO4
1j7kA_ATP_2cbrA_A80
1j7kA_ATP_2ifbA_PLM
1j7kA_ATP_2lbdA_REA
1j7kA_ATP_2lprA_SO4
1j7kA_ATP_3ertA_OHT
1j7kA_ATP_3prkE_CA
1j7kA_ATP_3sgaP_ACE
1j7kA_ATP_3tecE_CA
1j7kA_ATP_4csmA_TSA
1j7kA_ATP_4sgbE_CA
1j7kA_ATP_4tglA_DEP
1jjvA_ATP_1a27A_EST
1jjvA_ATP_1a52A_EST
1jjvA_ATP_1abiA_DPN
1jjvA_ATP_1acbE_XXX
1jjvA_ATP_1alqA_SO4
1jjvA_ATP_1arbA_XXX
1jjvA_ATP_1azmA_AZM
1jjvA_ATP_1b56A_PLM
1jjvA_ATP_1b6oA_ABA
1jjvA_ATP_1bt5A_SO4
1jjvA_ATP_1cbsA_REA
1jjvA_ATP_1choF_XXX
1jjvA_ATP_1comA_PRE
1jjvA_ATP_1cqqA_AG7
1jjvA_ATP_1cseE_CA
1jjvA_ATP_1csmA_TRP
1jjvA_ATP_1dbfA_SO4
1jjvA_ATP_1dcsA_SO4
1jjvA_ATP_1e6wA_NAD
1jjvA_ATP_1ecmA_TSA
1jjvA_ATP_1elaA_0Z1
1jjvA_ATP_1elcA_0Z3
1jjvA_ATP_1equA_EQ1
1jjvA_ATP_1ereA_EST
1jjvA_ATP_1errA_RAL
1jjvA_ATP_1exmA_GNP
1jjvA_ATP_1fbyA_9CR
1jjvA_ATP_1fdsA_EST
1jjvA_ATP_1femA_REA
1jjvA_ATP_1fljA_ACE
1jjvA_ATP_1fnjA_CSO
1jjvA_ATP_1fnkA_CSD
1jjvA_ATP_1ftpA_XXX
1jjvA_ATP_1g5yB_9CR
1jjvA_ATP_1ghpA_PNM
1jjvA_ATP_1gx9A_REA
1jjvA_ATP_1hahH_NAG
1jjvA_ATP_1harA_XXX
1jjvA_ATP_1hmsA_OLA
1jjvA_ATP_1hneI_ALV
1jjvA_ATP_1hsgA_XXX
1jjvA_ATP_1hshA_MK1
1jjvA_ATP_1hwrA_XXX
1jjvA_ATP_1ifcA_XXX
1jjvA_ATP_1jd0A_AZM
1jjvA_ATP_1jglL_EST
1jjvA_ATP_1keqA_4MZ
1jjvA_ATP_1kopA_AZI
1jjvA_ATP_1kqwA_RTL
1jjvA_ATP_1kzkA_EDO
1jjvA_ATP_1l2iA_CCS
1jjvA_ATP_1lhuA_CA
1jjvA_ATP_1libA_XXX
1jjvA_ATP_1lidA_OLA
1jjvA_ATP_1lieA_OCS
1jjvA_ATP_1lvoA_DI0
1jjvA_ATP_1mbmA_XXX
1jjvA_ATP_1mdcA_ACE
1jjvA_ATP_1mmlA_XXX
1jjvA_ATP_1mu2A_GOL
1jjvA_ATP_1oh0A_EQU
1jjvA_ATP_1opaA_XXX
1jjvA_ATP_1opbA_RET
1jjvA_ATP_1pekE_XXX
1jjvA_ATP_1pmpA_OLA
1jjvA_ATP_1ppfE_BMA
1jjvA_ATP_1proA_A88
1jjvA_ATP_1q2wA_MPD
1jjvA_ATP_1qjgA_EQU
1jjvA_ATP_1qktA_EST
1jjvA_ATP_1rxfA_FE
1jjvA_ATP_1sbnE_CA
1jjvA_ATP_1sgaA_XXX
1jjvA_ATP_1sgcA_XXX
1jjvA_ATP_1tgsZ_SO4
1jjvA_ATP_1tyrA_9CR
1jjvA_ATP_1vrtA_CSD
1jjvA_ATP_1whsA_ACY
1jjvA_ATP_1yscA_NDG
1jjvA_ATP_1zncA_SO4
1jjvA_ATP_2alpA_SO4
1jjvA_ATP_2cbrA_A80
1jjvA_ATP_2ifbA_PLM
1jjvA_ATP_2lbdA_REA
1jjvA_ATP_2lprA_SO4
1jjvA_ATP_3ertA_OHT
1jjvA_ATP_3prkE_CA
1jjvA_ATP_3sgaP_ACE
1jjvA_ATP_3tecE_CA
1jjvA_ATP_4csmA_TSA
1jjvA_ATP_4sgbE_CA
1jjvA_ATP_4tglA_DEP
1kayA_ATP_1a27A_EST
1kayA_ATP_1a52A_EST
1kayA_ATP_1abiA_DPN
1kayA_ATP_1acbE_XXX
1kayA_ATP_1alqA_SO4
1kayA_ATP_1arbA_XXX
1kayA_ATP_1azmA_AZM
1kayA_ATP_1b56A_PLM
1kayA_ATP_1b6oA_ABA
1kayA_ATP_1bt5A_SO4
1kayA_ATP_1cbsA_REA
1kayA_ATP_1choF_XXX
1kayA_ATP_1comA_PRE
1kayA_ATP_1cqqA_AG7
1kayA_ATP_1cseE_CA
1kayA_ATP_1csmA_TRP
1kayA_ATP_1dbfA_SO4
1kayA_ATP_1dcsA_SO4
1kayA_ATP_1e6wA_NAD
1kayA_ATP_1ecmA_TSA
1kayA_ATP_1elaA_0Z1
1kayA_ATP_1elcA_0Z3
1kayA_ATP_1equA_EQ1
1kayA_ATP_1ereA_EST
1kayA_ATP_1errA_RAL
1kayA_ATP_1exmA_GNP
1kayA_ATP_1fbyA_9CR
1kayA_ATP_1fdsA_EST
1kayA_ATP_1femA_REA
1kayA_ATP_1fljA_ACE
1kayA_ATP_1fnjA_CSO
1kayA_ATP_1fnkA_CSD
1kayA_ATP_1ftpA_XXX
1kayA_ATP_1g5yB_9CR
1kayA_ATP_1ghpA_PNM
1kayA_ATP_1gx9A_REA
1kayA_ATP_1hahH_NAG
1kayA_ATP_1harA_XXX
1kayA_ATP_1hmsA_OLA
1kayA_ATP_1hneI_ALV
1kayA_ATP_1hsgA_XXX
1kayA_ATP_1hshA_MK1
1kayA_ATP_1hwrA_XXX
1kayA_ATP_1ifcA_XXX
1kayA_ATP_1jd0A_AZM
1kayA_ATP_1jglL_EST
1kayA_ATP_1keqA_4MZ
1kayA_ATP_1kopA_AZI
1kayA_ATP_1kqwA_RTL
1kayA_ATP_1kzkA_EDO
1kayA_ATP_1l2iA_CCS
1kayA_ATP_1lhuA_CA
1kayA_ATP_1libA_XXX
1kayA_ATP_1lidA_OLA
1kayA_ATP_1lieA_OCS
1kayA_ATP_1lvoA_DI0
1kayA_ATP_1mbmA_XXX
1kayA_ATP_1mdcA_ACE
1kayA_ATP_1mmlA_XXX
1kayA_ATP_1mu2A_GOL
1kayA_ATP_1oh0A_EQU
1kayA_ATP_1opaA_XXX
1kayA_ATP_1opbA_RET
1kayA_ATP_1pekE_XXX
1kayA_ATP_1pmpA_OLA
1kayA_ATP_1ppfE_BMA
1kayA_ATP_1proA_A88
1kayA_ATP_1q2wA_MPD
1kayA_ATP_1qjgA_EQU
1kayA_ATP_1qktA_EST
1kayA_ATP_1rxfA_FE
1kayA_ATP_1sbnE_CA
1kayA_ATP_1sgaA_XXX
1kayA_ATP_1sgcA_XXX
1kayA_ATP_1tgsZ_SO4
1kayA_ATP_1tyrA_9CR
1kayA_ATP_1vrtA_CSD
1kayA_ATP_1whsA_ACY
1kayA_ATP_1yscA_NDG
1kayA_ATP_1zncA_SO4
1kayA_ATP_2alpA_SO4
1kayA_ATP_2cbrA_A80
1kayA_ATP_2ifbA_PLM
1kayA_ATP_2lbdA_REA
1kayA_ATP_2lprA_SO4
1kayA_ATP_3ertA_OHT
1kayA_ATP_3prkE_CA
1kayA_ATP_3sgaP_ACE
1kayA_ATP_3tecE_CA
1kayA_ATP_4csmA_TSA
1kayA_ATP_4sgbE_CA
1kayA_ATP_4tglA_DEP
1kp2A_ATP_1a27A_EST
1kp2A_ATP_1a52A_EST
1kp2A_ATP_1abiA_DPN
1kp2A_ATP_1acbE_XXX
1kp2A_ATP_1alqA_SO4
1kp2A_ATP_1arbA_XXX
1kp2A_ATP_1azmA_AZM
1kp2A_ATP_1b56A_PLM
1kp2A_ATP_1b6oA_ABA
1kp2A_ATP_1bt5A_SO4
1kp2A_ATP_1cbsA_REA
1kp2A_ATP_1choF_XXX
1kp2A_ATP_1comA_PRE
1kp2A_ATP_1cqqA_AG7
1kp2A_ATP_1cseE_CA
1kp2A_ATP_1csmA_TRP
1kp2A_ATP_1dbfA_SO4
1kp2A_ATP_1dcsA_SO4
1kp2A_ATP_1e6wA_NAD
1kp2A_ATP_1ecmA_TSA
1kp2A_ATP_1elaA_0Z1
1kp2A_ATP_1elcA_0Z3
1kp2A_ATP_1equA_EQ1
1kp2A_ATP_1ereA_EST
1kp2A_ATP_1errA_RAL
1kp2A_ATP_1exmA_GNP
1kp2A_ATP_1fbyA_9CR
1kp2A_ATP_1fdsA_EST
1kp2A_ATP_1femA_REA
1kp2A_ATP_1fljA_ACE
1kp2A_ATP_1fnjA_CSO
1kp2A_ATP_1fnkA_CSD
1kp2A_ATP_1ftpA_XXX
1kp2A_ATP_1g5yB_9CR
1kp2A_ATP_1ghpA_PNM
1kp2A_ATP_1gx9A_REA
1kp2A_ATP_1hahH_NAG
1kp2A_ATP_1harA_XXX
1kp2A_ATP_1hmsA_OLA
1kp2A_ATP_1hneI_ALV
1kp2A_ATP_1hsgA_XXX
1kp2A_ATP_1hshA_MK1
1kp2A_ATP_1hwrA_XXX
1kp2A_ATP_1ifcA_XXX
1kp2A_ATP_1jd0A_AZM
1kp2A_ATP_1jglL_EST
1kp2A_ATP_1keqA_4MZ
1kp2A_ATP_1kopA_AZI
1kp2A_ATP_1kqwA_RTL
1kp2A_ATP_1kzkA_EDO
1kp2A_ATP_1l2iA_CCS
1kp2A_ATP_1lhuA_CA
1kp2A_ATP_1libA_XXX
1kp2A_ATP_1lidA_OLA
1kp2A_ATP_1lieA_OCS
1kp2A_ATP_1lvoA_DI0
1kp2A_ATP_1mbmA_XXX
1kp2A_ATP_1mdcA_ACE
1kp2A_ATP_1mmlA_XXX
1kp2A_ATP_1mu2A_GOL
1kp2A_ATP_1oh0A_EQU
1kp2A_ATP_1opaA_XXX
1kp2A_ATP_1opbA_RET
1kp2A_ATP_1pekE_XXX
1kp2A_ATP_1pmpA_OLA
1kp2A_ATP_1ppfE_BMA
1kp2A_ATP_1proA_A88
1kp2A_ATP_1q2wA_MPD
1kp2A_ATP_1qjgA_EQU
1kp2A_ATP_1qktA_EST
1kp2A_ATP_1rxfA_FE
1kp2A_ATP_1sbnE_CA
1kp2A_ATP_1sgaA_XXX
1kp2A_ATP_1sgcA_XXX
1kp2A_ATP_1tgsZ_SO4
1kp2A_ATP_1tyrA_9CR
1kp2A_ATP_1vrtA_CSD
1kp2A_ATP_1whsA_ACY
1kp2A_ATP_1yscA_NDG
1kp2A_ATP_1zncA_SO4
1kp2A_ATP_2alpA_SO4
1kp2A_ATP_2cbrA_A80
1kp2A_ATP_2ifbA_PLM
1kp2A_ATP_2lbdA_REA
1kp2A_ATP_2lprA_SO4
1kp2A_ATP_3ertA_OHT
1kp2A_ATP_3prkE_CA
1kp2A_ATP_3sgaP_ACE
1kp2A_ATP_3tecE_CA
1kp2A_ATP_4csmA_TSA
1kp2A_ATP_4sgbE_CA
1kp2A_ATP_4tglA_DEP
1kpfA_AMP_1a27A_EST
1kpfA_AMP_1a52A_EST
1kpfA_AMP_1abiA_DPN
1kpfA_AMP_1acbE_XXX
1kpfA_AMP_1alqA_SO4
1kpfA_AMP_1arbA_XXX
1kpfA_AMP_1azmA_AZM
1kpfA_AMP_1b56A_PLM
1kpfA_AMP_1b6oA_ABA
1kpfA_AMP_1bt5A_SO4
1kpfA_AMP_1cbsA_REA
1kpfA_AMP_1choF_XXX
1kpfA_AMP_1comA_PRE
1kpfA_AMP_1cqqA_AG7
1kpfA_AMP_1cseE_CA
1kpfA_AMP_1csmA_TRP
1kpfA_AMP_1dbfA_SO4
1kpfA_AMP_1dcsA_SO4
1kpfA_AMP_1e6wA_NAD
1kpfA_AMP_1ecmA_TSA
1kpfA_AMP_1elaA_0Z1
1kpfA_AMP_1elcA_0Z3
1kpfA_AMP_1equA_EQ1
1kpfA_AMP_1ereA_EST
1kpfA_AMP_1errA_RAL
1kpfA_AMP_1exmA_GNP
1kpfA_AMP_1fbyA_9CR
1kpfA_AMP_1fdsA_EST
1kpfA_AMP_1femA_REA
1kpfA_AMP_1fljA_ACE
1kpfA_AMP_1fnjA_CSO
1kpfA_AMP_1fnkA_CSD
1kpfA_AMP_1ftpA_XXX
1kpfA_AMP_1g5yB_9CR
1kpfA_AMP_1ghpA_PNM
1kpfA_AMP_1gx9A_REA
1kpfA_AMP_1hahH_NAG
1kpfA_AMP_1harA_XXX
1kpfA_AMP_1hmsA_OLA
1kpfA_AMP_1hneI_ALV
1kpfA_AMP_1hsgA_XXX
1kpfA_AMP_1hshA_MK1
1kpfA_AMP_1hwrA_XXX
1kpfA_AMP_1ifcA_XXX
1kpfA_AMP_1jd0A_AZM
1kpfA_AMP_1jglL_EST
1kpfA_AMP_1keqA_4MZ
1kpfA_AMP_1kopA_AZI
1kpfA_AMP_1kqwA_RTL
1kpfA_AMP_1kzkA_EDO
1kpfA_AMP_1l2iA_CCS
1kpfA_AMP_1lhuA_CA
1kpfA_AMP_1libA_XXX
1kpfA_AMP_1lidA_OLA
1kpfA_AMP_1lieA_OCS
1kpfA_AMP_1lvoA_DI0
1kpfA_AMP_1mbmA_XXX
1kpfA_AMP_1mdcA_ACE
1kpfA_AMP_1mmlA_XXX
1kpfA_AMP_1mu2A_GOL
1kpfA_AMP_1oh0A_EQU
1kpfA_AMP_1opaA_XXX
1kpfA_AMP_1opbA_RET
1kpfA_AMP_1pekE_XXX
1kpfA_AMP_1pmpA_OLA
1kpfA_AMP_1ppfE_BMA
1kpfA_AMP_1proA_A88
1kpfA_AMP_1q2wA_MPD
1kpfA_AMP_1qjgA_EQU
1kpfA_AMP_1qktA_EST
1kpfA_AMP_1rxfA_FE
1kpfA_AMP_1sbnE_CA
1kpfA_AMP_1sgaA_XXX
1kpfA_AMP_1sgcA_XXX
1kpfA_AMP_1tgsZ_SO4
1kpfA_AMP_1tyrA_9CR
1kpfA_AMP_1vrtA_CSD
1kpfA_AMP_1whsA_ACY
1kpfA_AMP_1yscA_NDG
1kpfA_AMP_1zncA_SO4
1kpfA_AMP_2alpA_SO4
1kpfA_AMP_2cbrA_A80
1kpfA_AMP_2ifbA_PLM
1kpfA_AMP_2lbdA_REA
1kpfA_AMP_2lprA_SO4
1kpfA_AMP_3ertA_OHT
1kpfA_AMP_3prkE_CA
1kpfA_AMP_3sgaP_ACE
1kpfA_AMP_3tecE_CA
1kpfA_AMP_4csmA_TSA
1kpfA_AMP_4sgbE_CA
1kpfA_AMP_4tglA_DEP
1mjhA_ATP_1a27A_EST
1mjhA_ATP_1a52A_EST
1mjhA_ATP_1abiA_DPN
1mjhA_ATP_1acbE_XXX
1mjhA_ATP_1alqA_SO4
1mjhA_ATP_1arbA_XXX
1mjhA_ATP_1azmA_AZM
1mjhA_ATP_1b56A_PLM
1mjhA_ATP_1b6oA_ABA
1mjhA_ATP_1bt5A_SO4
1mjhA_ATP_1cbsA_REA
1mjhA_ATP_1choF_XXX
1mjhA_ATP_1comA_PRE
1mjhA_ATP_1cqqA_AG7
1mjhA_ATP_1cseE_CA
1mjhA_ATP_1csmA_TRP
1mjhA_ATP_1dbfA_SO4
1mjhA_ATP_1dcsA_SO4
1mjhA_ATP_1e6wA_NAD
1mjhA_ATP_1ecmA_TSA
1mjhA_ATP_1elaA_0Z1
1mjhA_ATP_1elcA_0Z3
1mjhA_ATP_1equA_EQ1
1mjhA_ATP_1ereA_EST
1mjhA_ATP_1errA_RAL
1mjhA_ATP_1exmA_GNP
1mjhA_ATP_1fbyA_9CR
1mjhA_ATP_1fdsA_EST
1mjhA_ATP_1femA_REA
1mjhA_ATP_1fljA_ACE
1mjhA_ATP_1fnjA_CSO
1mjhA_ATP_1fnkA_CSD
1mjhA_ATP_1ftpA_XXX
1mjhA_ATP_1g5yB_9CR
1mjhA_ATP_1ghpA_PNM
1mjhA_ATP_1gx9A_REA
1mjhA_ATP_1hahH_NAG
1mjhA_ATP_1harA_XXX
1mjhA_ATP_1hmsA_OLA
1mjhA_ATP_1hneI_ALV
1mjhA_ATP_1hsgA_XXX
1mjhA_ATP_1hshA_MK1
1mjhA_ATP_1hwrA_XXX
1mjhA_ATP_1ifcA_XXX
1mjhA_ATP_1jd0A_AZM
1mjhA_ATP_1jglL_EST
1mjhA_ATP_1keqA_4MZ
1mjhA_ATP_1kopA_AZI
1mjhA_ATP_1kqwA_RTL
1mjhA_ATP_1kzkA_EDO
1mjhA_ATP_1l2iA_CCS
1mjhA_ATP_1lhuA_CA
1mjhA_ATP_1libA_XXX
1mjhA_ATP_1lidA_OLA
1mjhA_ATP_1lieA_OCS
1mjhA_ATP_1lvoA_DI0
1mjhA_ATP_1mbmA_XXX
1mjhA_ATP_1mdcA_ACE
1mjhA_ATP_1mmlA_XXX
1mjhA_ATP_1mu2A_GOL
1mjhA_ATP_1oh0A_EQU
1mjhA_ATP_1opaA_XXX
1mjhA_ATP_1opbA_RET
1mjhA_ATP_1pekE_XXX
1mjhA_ATP_1pmpA_OLA
1mjhA_ATP_1ppfE_BMA
1mjhA_ATP_1proA_A88
1mjhA_ATP_1q2wA_MPD
1mjhA_ATP_1qjgA_EQU
1mjhA_ATP_1qktA_EST
1mjhA_ATP_1rxfA_FE
1mjhA_ATP_1sbnE_CA
1mjhA_ATP_1sgaA_XXX
1mjhA_ATP_1sgcA_XXX
1mjhA_ATP_1tgsZ_SO4
1mjhA_ATP_1tyrA_9CR
1mjhA_ATP_1vrtA_CSD
1mjhA_ATP_1whsA_ACY
1mjhA_ATP_1yscA_NDG
1mjhA_ATP_1zncA_SO4
1mjhA_ATP_2alpA_SO4
1mjhA_ATP_2cbrA_A80
1mjhA_ATP_2ifbA_PLM
1mjhA_ATP_2lbdA_REA
1mjhA_ATP_2lprA_SO4
1mjhA_ATP_3ertA_OHT
1mjhA_ATP_3prkE_CA
1mjhA_ATP_3sgaP_ACE
1mjhA_ATP_3tecE_CA
1mjhA_ATP_4csmA_TSA
1mjhA_ATP_4sgbE_CA
1mjhA_ATP_4tglA_DEP
1mmgA_AGS_1a27A_EST
1mmgA_AGS_1a52A_EST
1mmgA_AGS_1abiA_DPN
1mmgA_AGS_1acbE_XXX
1mmgA_AGS_1alqA_SO4
1mmgA_AGS_1arbA_XXX
1mmgA_AGS_1azmA_AZM
1mmgA_AGS_1b56A_PLM
1mmgA_AGS_1b6oA_ABA
1mmgA_AGS_1bt5A_SO4
1mmgA_AGS_1cbsA_REA
1mmgA_AGS_1choF_XXX
1mmgA_AGS_1comA_PRE
1mmgA_AGS_1cqqA_AG7
1mmgA_AGS_1cseE_CA
1mmgA_AGS_1csmA_TRP
1mmgA_AGS_1dbfA_SO4
1mmgA_AGS_1dcsA_SO4
1mmgA_AGS_1e6wA_NAD
1mmgA_AGS_1ecmA_TSA
1mmgA_AGS_1elaA_0Z1
1mmgA_AGS_1elcA_0Z3
1mmgA_AGS_1equA_EQ1
1mmgA_AGS_1ereA_EST
1mmgA_AGS_1errA_RAL
1mmgA_AGS_1exmA_GNP
1mmgA_AGS_1fbyA_9CR
1mmgA_AGS_1fdsA_EST
1mmgA_AGS_1femA_REA
1mmgA_AGS_1fljA_ACE
1mmgA_AGS_1fnjA_CSO
1mmgA_AGS_1fnkA_CSD
1mmgA_AGS_1ftpA_XXX
1mmgA_AGS_1g5yB_9CR
1mmgA_AGS_1ghpA_PNM
1mmgA_AGS_1gx9A_REA
1mmgA_AGS_1hahH_NAG
1mmgA_AGS_1harA_XXX
1mmgA_AGS_1hmsA_OLA
1mmgA_AGS_1hneI_ALV
1mmgA_AGS_1hsgA_XXX
1mmgA_AGS_1hshA_MK1
1mmgA_AGS_1hwrA_XXX
1mmgA_AGS_1ifcA_XXX
1mmgA_AGS_1jd0A_AZM
1mmgA_AGS_1jglL_EST
1mmgA_AGS_1keqA_4MZ
1mmgA_AGS_1kopA_AZI
1mmgA_AGS_1kqwA_RTL
1mmgA_AGS_1kzkA_EDO
1mmgA_AGS_1l2iA_CCS
1mmgA_AGS_1lhuA_CA
1mmgA_AGS_1libA_XXX
1mmgA_AGS_1lidA_OLA
1mmgA_AGS_1lieA_OCS
1mmgA_AGS_1lvoA_DI0
1mmgA_AGS_1mbmA_XXX
1mmgA_AGS_1mdcA_ACE
1mmgA_AGS_1mmlA_XXX
1mmgA_AGS_1mu2A_GOL
1mmgA_AGS_1oh0A_EQU
1mmgA_AGS_1opaA_XXX
1mmgA_AGS_1opbA_RET
1mmgA_AGS_1pekE_XXX
1mmgA_AGS_1pmpA_OLA
1mmgA_AGS_1ppfE_BMA
1mmgA_AGS_1proA_A88
1mmgA_AGS_1q2wA_MPD
1mmgA_AGS_1qjgA_EQU
1mmgA_AGS_1qktA_EST
1mmgA_AGS_1rxfA_FE
1mmgA_AGS_1sbnE_CA
1mmgA_AGS_1sgaA_XXX
1mmgA_AGS_1sgcA_XXX
1mmgA_AGS_1tgsZ_SO4
1mmgA_AGS_1tyrA_9CR
1mmgA_AGS_1vrtA_CSD
1mmgA_AGS_1whsA_ACY
1mmgA_AGS_1yscA_NDG
1mmgA_AGS_1zncA_SO4
1mmgA_AGS_2alpA_SO4
1mmgA_AGS_2cbrA_A80
1mmgA_AGS_2ifbA_PLM
1mmgA_AGS_2lbdA_REA
1mmgA_AGS_2lprA_SO4
1mmgA_AGS_3ertA_OHT
1mmgA_AGS_3prkE_CA
1mmgA_AGS_3sgaP_ACE
1mmgA_AGS_3tecE_CA
1mmgA_AGS_4csmA_TSA
1mmgA_AGS_4sgbE_CA
1mmgA_AGS_4tglA_DEP
1nhkR_CMP_1a27A_EST
1nhkR_CMP_1a52A_EST
1nhkR_CMP_1abiA_DPN
1nhkR_CMP_1acbE_XXX
1nhkR_CMP_1alqA_SO4
1nhkR_CMP_1arbA_XXX
1nhkR_CMP_1azmA_AZM
1nhkR_CMP_1b56A_PLM
1nhkR_CMP_1b6oA_ABA
1nhkR_CMP_1bt5A_SO4
1nhkR_CMP_1cbsA_REA
1nhkR_CMP_1choF_XXX
1nhkR_CMP_1comA_PRE
1nhkR_CMP_1cqqA_AG7
1nhkR_CMP_1cseE_CA
1nhkR_CMP_1csmA_TRP
1nhkR_CMP_1dbfA_SO4
1nhkR_CMP_1dcsA_SO4
1nhkR_CMP_1e6wA_NAD
1nhkR_CMP_1ecmA_TSA
1nhkR_CMP_1elaA_0Z1
1nhkR_CMP_1elcA_0Z3
1nhkR_CMP_1equA_EQ1
1nhkR_CMP_1ereA_EST
1nhkR_CMP_1errA_RAL
1nhkR_CMP_1exmA_GNP
1nhkR_CMP_1fbyA_9CR
1nhkR_CMP_1fdsA_EST
1nhkR_CMP_1femA_REA
1nhkR_CMP_1fljA_ACE
1nhkR_CMP_1fnjA_CSO
1nhkR_CMP_1fnkA_CSD
1nhkR_CMP_1ftpA_XXX
1nhkR_CMP_1g5yB_9CR
1nhkR_CMP_1ghpA_PNM
1nhkR_CMP_1gx9A_REA
1nhkR_CMP_1hahH_NAG
1nhkR_CMP_1harA_XXX
1nhkR_CMP_1hmsA_OLA
1nhkR_CMP_1hneI_ALV
1nhkR_CMP_1hsgA_XXX
1nhkR_CMP_1hshA_MK1
1nhkR_CMP_1hwrA_XXX
1nhkR_CMP_1ifcA_XXX
1nhkR_CMP_1jd0A_AZM
1nhkR_CMP_1jglL_EST
1nhkR_CMP_1keqA_4MZ
1nhkR_CMP_1kopA_AZI
1nhkR_CMP_1kqwA_RTL
1nhkR_CMP_1kzkA_EDO
1nhkR_CMP_1l2iA_CCS
1nhkR_CMP_1lhuA_CA
1nhkR_CMP_1libA_XXX
1nhkR_CMP_1lidA_OLA
1nhkR_CMP_1lieA_OCS
1nhkR_CMP_1lvoA_DI0
1nhkR_CMP_1mbmA_XXX
1nhkR_CMP_1mdcA_ACE
1nhkR_CMP_1mmlA_XXX
1nhkR_CMP_1mu2A_GOL
1nhkR_CMP_1oh0A_EQU
1nhkR_CMP_1opaA_XXX
1nhkR_CMP_1opbA_RET
1nhkR_CMP_1pekE_XXX
1nhkR_CMP_1pmpA_OLA
1nhkR_CMP_1ppfE_BMA
1nhkR_CMP_1proA_A88
1nhkR_CMP_1q2wA_MPD
1nhkR_CMP_1qjgA_EQU
1nhkR_CMP_1qktA_EST
1nhkR_CMP_1rxfA_FE
1nhkR_CMP_1sbnE_CA
1nhkR_CMP_1sgaA_XXX
1nhkR_CMP_1sgcA_XXX
1nhkR_CMP_1tgsZ_SO4
1nhkR_CMP_1tyrA_9CR
1nhkR_CMP_1vrtA_CSD
1nhkR_CMP_1whsA_ACY
1nhkR_CMP_1yscA_NDG
1nhkR_CMP_1zncA_SO4
1nhkR_CMP_2alpA_SO4
1nhkR_CMP_2cbrA_A80
1nhkR_CMP_2ifbA_PLM
1nhkR_CMP_2lbdA_REA
1nhkR_CMP_2lprA_SO4
1nhkR_CMP_3ertA_OHT
1nhkR_CMP_3prkE_CA
1nhkR_CMP_3sgaP_ACE
1nhkR_CMP_3tecE_CA
1nhkR_CMP_4csmA_TSA
1nhkR_CMP_4sgbE_CA
1nhkR_CMP_4tglA_DEP
1nsfA_ATP_1a27A_EST
1nsfA_ATP_1a52A_EST
1nsfA_ATP_1abiA_DPN
1nsfA_ATP_1acbE_XXX
1nsfA_ATP_1alqA_SO4
1nsfA_ATP_1arbA_XXX
1nsfA_ATP_1azmA_AZM
1nsfA_ATP_1b56A_PLM
1nsfA_ATP_1b6oA_ABA
1nsfA_ATP_1bt5A_SO4
1nsfA_ATP_1cbsA_REA
1nsfA_ATP_1choF_XXX
1nsfA_ATP_1comA_PRE
1nsfA_ATP_1cqqA_AG7
1nsfA_ATP_1cseE_CA
1nsfA_ATP_1csmA_TRP
1nsfA_ATP_1dbfA_SO4
1nsfA_ATP_1dcsA_SO4
1nsfA_ATP_1e6wA_NAD
1nsfA_ATP_1ecmA_TSA
1nsfA_ATP_1elaA_0Z1
1nsfA_ATP_1elcA_0Z3
1nsfA_ATP_1equA_EQ1
1nsfA_ATP_1ereA_EST
1nsfA_ATP_1errA_RAL
1nsfA_ATP_1exmA_GNP
1nsfA_ATP_1fbyA_9CR
1nsfA_ATP_1fdsA_EST
1nsfA_ATP_1femA_REA
1nsfA_ATP_1fljA_ACE
1nsfA_ATP_1fnjA_CSO
1nsfA_ATP_1fnkA_CSD
1nsfA_ATP_1ftpA_XXX
1nsfA_ATP_1g5yB_9CR
1nsfA_ATP_1ghpA_PNM
1nsfA_ATP_1gx9A_REA
1nsfA_ATP_1hahH_NAG
1nsfA_ATP_1harA_XXX
1nsfA_ATP_1hmsA_OLA
1nsfA_ATP_1hneI_ALV
1nsfA_ATP_1hsgA_XXX
1nsfA_ATP_1hshA_MK1
1nsfA_ATP_1hwrA_XXX
1nsfA_ATP_1ifcA_XXX
1nsfA_ATP_1jd0A_AZM
1nsfA_ATP_1jglL_EST
1nsfA_ATP_1keqA_4MZ
1nsfA_ATP_1kopA_AZI
1nsfA_ATP_1kqwA_RTL
1nsfA_ATP_1kzkA_EDO
1nsfA_ATP_1l2iA_CCS
1nsfA_ATP_1lhuA_CA
1nsfA_ATP_1libA_XXX
1nsfA_ATP_1lidA_OLA
1nsfA_ATP_1lieA_OCS
1nsfA_ATP_1lvoA_DI0
1nsfA_ATP_1mbmA_XXX
1nsfA_ATP_1mdcA_ACE
1nsfA_ATP_1mmlA_XXX
1nsfA_ATP_1mu2A_GOL
1nsfA_ATP_1oh0A_EQU
1nsfA_ATP_1opaA_XXX
1nsfA_ATP_1opbA_RET
1nsfA_ATP_1pekE_XXX
1nsfA_ATP_1pmpA_OLA
1nsfA_ATP_1ppfE_BMA
1nsfA_ATP_1proA_A88
1nsfA_ATP_1q2wA_MPD
1nsfA_ATP_1qjgA_EQU
1nsfA_ATP_1qktA_EST
1nsfA_ATP_1rxfA_FE
1nsfA_ATP_1sbnE_CA
1nsfA_ATP_1sgaA_XXX
1nsfA_ATP_1sgcA_XXX
1nsfA_ATP_1tgsZ_SO4
1nsfA_ATP_1tyrA_9CR
1nsfA_ATP_1vrtA_CSD
1nsfA_ATP_1whsA_ACY
1nsfA_ATP_1yscA_NDG
1nsfA_ATP_1zncA_SO4
1nsfA_ATP_2alpA_SO4
1nsfA_ATP_2cbrA_A80
1nsfA_ATP_2ifbA_PLM
1nsfA_ATP_2lbdA_REA
1nsfA_ATP_2lprA_SO4
1nsfA_ATP_3ertA_OHT
1nsfA_ATP_3prkE_CA
1nsfA_ATP_3sgaP_ACE
1nsfA_ATP_3tecE_CA
1nsfA_ATP_4csmA_TSA
1nsfA_ATP_4sgbE_CA
1nsfA_ATP_4tglA_DEP
1phkA_ATP_1a27A_EST
1phkA_ATP_1a52A_EST
1phkA_ATP_1abiA_DPN
1phkA_ATP_1acbE_XXX
1phkA_ATP_1alqA_SO4
1phkA_ATP_1arbA_XXX
1phkA_ATP_1azmA_AZM
1phkA_ATP_1b56A_PLM
1phkA_ATP_1b6oA_ABA
1phkA_ATP_1bt5A_SO4
1phkA_ATP_1cbsA_REA
1phkA_ATP_1choF_XXX
1phkA_ATP_1comA_PRE
1phkA_ATP_1cqqA_AG7
1phkA_ATP_1cseE_CA
1phkA_ATP_1csmA_TRP
1phkA_ATP_1dbfA_SO4
1phkA_ATP_1dcsA_SO4
1phkA_ATP_1e6wA_NAD
1phkA_ATP_1ecmA_TSA
1phkA_ATP_1elaA_0Z1
1phkA_ATP_1elcA_0Z3
1phkA_ATP_1equA_EQ1
1phkA_ATP_1ereA_EST
1phkA_ATP_1errA_RAL
1phkA_ATP_1exmA_GNP
1phkA_ATP_1fbyA_9CR
1phkA_ATP_1fdsA_EST
1phkA_ATP_1femA_REA
1phkA_ATP_1fljA_ACE
1phkA_ATP_1fnjA_CSO
1phkA_ATP_1fnkA_CSD
1phkA_ATP_1ftpA_XXX
1phkA_ATP_1g5yB_9CR
1phkA_ATP_1ghpA_PNM
1phkA_ATP_1gx9A_REA
1phkA_ATP_1hahH_NAG
1phkA_ATP_1harA_XXX
1phkA_ATP_1hmsA_OLA
1phkA_ATP_1hneI_ALV
1phkA_ATP_1hsgA_XXX
1phkA_ATP_1hshA_MK1
1phkA_ATP_1hwrA_XXX
1phkA_ATP_1ifcA_XXX
1phkA_ATP_1jd0A_AZM
1phkA_ATP_1jglL_EST
1phkA_ATP_1keqA_4MZ
1phkA_ATP_1kopA_AZI
1phkA_ATP_1kqwA_RTL
1phkA_ATP_1kzkA_EDO
1phkA_ATP_1l2iA_CCS
1phkA_ATP_1lhuA_CA
1phkA_ATP_1libA_XXX
1phkA_ATP_1lidA_OLA
1phkA_ATP_1lieA_OCS
1phkA_ATP_1lvoA_DI0
1phkA_ATP_1mbmA_XXX
1phkA_ATP_1mdcA_ACE
1phkA_ATP_1mmlA_XXX
1phkA_ATP_1mu2A_GOL
1phkA_ATP_1oh0A_EQU
1phkA_ATP_1opaA_XXX
1phkA_ATP_1opbA_RET
1phkA_ATP_1pekE_XXX
1phkA_ATP_1pmpA_OLA
1phkA_ATP_1ppfE_BMA
1phkA_ATP_1proA_A88
1phkA_ATP_1q2wA_MPD
1phkA_ATP_1qjgA_EQU
1phkA_ATP_1qktA_EST
1phkA_ATP_1rxfA_FE
1phkA_ATP_1sbnE_CA
1phkA_ATP_1sgaA_XXX
1phkA_ATP_1sgcA_XXX
1phkA_ATP_1tgsZ_SO4
1phkA_ATP_1tyrA_9CR
1phkA_ATP_1vrtA_CSD
1phkA_ATP_1whsA_ACY
1phkA_ATP_1yscA_NDG
1phkA_ATP_1zncA_SO4
1phkA_ATP_2alpA_SO4
1phkA_ATP_2cbrA_A80
1phkA_ATP_2ifbA_PLM
1phkA_ATP_2lbdA_REA
1phkA_ATP_2lprA_SO4
1phkA_ATP_3ertA_OHT
1phkA_ATP_3prkE_CA
1phkA_ATP_3sgaP_ACE
1phkA_ATP_3tecE_CA
1phkA_ATP_4csmA_TSA
1phkA_ATP_4sgbE_CA
1phkA_ATP_4tglA_DEP
1qmmA_ATP_1a27A_EST
1qmmA_ATP_1a52A_EST
1qmmA_ATP_1abiA_DPN
1qmmA_ATP_1acbE_XXX
1qmmA_ATP_1alqA_SO4
1qmmA_ATP_1arbA_XXX
1qmmA_ATP_1azmA_AZM
1qmmA_ATP_1b56A_PLM
1qmmA_ATP_1b6oA_ABA
1qmmA_ATP_1bt5A_SO4
1qmmA_ATP_1cbsA_REA
1qmmA_ATP_1choF_XXX
1qmmA_ATP_1comA_PRE
1qmmA_ATP_1cqqA_AG7
1qmmA_ATP_1cseE_CA
1qmmA_ATP_1csmA_TRP
1qmmA_ATP_1dbfA_SO4
1qmmA_ATP_1dcsA_SO4
1qmmA_ATP_1e6wA_NAD
1qmmA_ATP_1ecmA_TSA
1qmmA_ATP_1elaA_0Z1
1qmmA_ATP_1elcA_0Z3
1qmmA_ATP_1equA_EQ1
1qmmA_ATP_1ereA_EST
1qmmA_ATP_1errA_RAL
1qmmA_ATP_1exmA_GNP
1qmmA_ATP_1fbyA_9CR
1qmmA_ATP_1fdsA_EST
1qmmA_ATP_1femA_REA
1qmmA_ATP_1fljA_ACE
1qmmA_ATP_1fnjA_CSO
1qmmA_ATP_1fnkA_CSD
1qmmA_ATP_1ftpA_XXX
1qmmA_ATP_1g5yB_9CR
1qmmA_ATP_1ghpA_PNM
1qmmA_ATP_1gx9A_REA
1qmmA_ATP_1hahH_NAG
1qmmA_ATP_1harA_XXX
1qmmA_ATP_1hmsA_OLA
1qmmA_ATP_1hneI_ALV
1qmmA_ATP_1hsgA_XXX
1qmmA_ATP_1hshA_MK1
1qmmA_ATP_1hwrA_XXX
1qmmA_ATP_1ifcA_XXX
1qmmA_ATP_1jd0A_AZM
1qmmA_ATP_1jglL_EST
1qmmA_ATP_1keqA_4MZ
1qmmA_ATP_1kopA_AZI
1qmmA_ATP_1kqwA_RTL
1qmmA_ATP_1kzkA_EDO
1qmmA_ATP_1l2iA_CCS
1qmmA_ATP_1lhuA_CA
1qmmA_ATP_1libA_XXX
1qmmA_ATP_1lidA_OLA
1qmmA_ATP_1lieA_OCS
1qmmA_ATP_1lvoA_DI0
1qmmA_ATP_1mbmA_XXX
1qmmA_ATP_1mdcA_ACE
1qmmA_ATP_1mmlA_XXX
1qmmA_ATP_1mu2A_GOL
1qmmA_ATP_1oh0A_EQU
1qmmA_ATP_1opaA_XXX
1qmmA_ATP_1opbA_RET
1qmmA_ATP_1pekE_XXX
1qmmA_ATP_1pmpA_OLA
1qmmA_ATP_1ppfE_BMA
1qmmA_ATP_1proA_A88
1qmmA_ATP_1q2wA_MPD
1qmmA_ATP_1qjgA_EQU
1qmmA_ATP_1qktA_EST
1qmmA_ATP_1rxfA_FE
1qmmA_ATP_1sbnE_CA
1qmmA_ATP_1sgaA_XXX
1qmmA_ATP_1sgcA_XXX
1qmmA_ATP_1tgsZ_SO4
1qmmA_ATP_1tyrA_9CR
1qmmA_ATP_1vrtA_CSD
1qmmA_ATP_1whsA_ACY
1qmmA_ATP_1yscA_NDG
1qmmA_ATP_1zncA_SO4
1qmmA_ATP_2alpA_SO4
1qmmA_ATP_2cbrA_A80
1qmmA_ATP_2ifbA_PLM
1qmmA_ATP_2lbdA_REA
1qmmA_ATP_2lprA_SO4
1qmmA_ATP_3ertA_OHT
1qmmA_ATP_3prkE_CA
1qmmA_ATP_3sgaP_ACE
1qmmA_ATP_3tecE_CA
1qmmA_ATP_4csmA_TSA
1qmmA_ATP_4sgbE_CA
1qmmA_ATP_4tglA_DEP
1yagA_ATP_1a27A_EST
1yagA_ATP_1a52A_EST
1yagA_ATP_1abiA_DPN
1yagA_ATP_1acbE_XXX
1yagA_ATP_1alqA_SO4
1yagA_ATP_1arbA_XXX
1yagA_ATP_1azmA_AZM
1yagA_ATP_1b56A_PLM
1yagA_ATP_1b6oA_ABA
1yagA_ATP_1bt5A_SO4
1yagA_ATP_1cbsA_REA
1yagA_ATP_1choF_XXX
1yagA_ATP_1comA_PRE
1yagA_ATP_1cqqA_AG7
1yagA_ATP_1cseE_CA
1yagA_ATP_1csmA_TRP
1yagA_ATP_1dbfA_SO4
1yagA_ATP_1dcsA_SO4
1yagA_ATP_1e6wA_NAD
1yagA_ATP_1ecmA_TSA
1yagA_ATP_1elaA_0Z1
1yagA_ATP_1elcA_0Z3
1yagA_ATP_1equA_EQ1
1yagA_ATP_1ereA_EST
1yagA_ATP_1errA_RAL
1yagA_ATP_1exmA_GNP
1yagA_ATP_1fbyA_9CR
1yagA_ATP_1fdsA_EST
1yagA_ATP_1femA_REA
1yagA_ATP_1fljA_ACE
1yagA_ATP_1fnjA_CSO
1yagA_ATP_1fnkA_CSD
1yagA_ATP_1ftpA_XXX
1yagA_ATP_1g5yB_9CR
1yagA_ATP_1ghpA_PNM
1yagA_ATP_1gx9A_REA
1yagA_ATP_1hahH_NAG
1yagA_ATP_1harA_XXX
1yagA_ATP_1hmsA_OLA
1yagA_ATP_1hneI_ALV
1yagA_ATP_1hsgA_XXX
1yagA_ATP_1hshA_MK1
1yagA_ATP_1hwrA_XXX
1yagA_ATP_1ifcA_XXX
1yagA_ATP_1jd0A_AZM
1yagA_ATP_1jglL_EST
1yagA_ATP_1keqA_4MZ
1yagA_ATP_1kopA_AZI
1yagA_ATP_1kqwA_RTL
1yagA_ATP_1kzkA_EDO
1yagA_ATP_1l2iA_CCS
1yagA_ATP_1lhuA_CA
1yagA_ATP_1libA_XXX
1yagA_ATP_1lidA_OLA
1yagA_ATP_1lieA_OCS
1yagA_ATP_1lvoA_DI0
1yagA_ATP_1mbmA_XXX
1yagA_ATP_1mdcA_ACE
1yagA_ATP_1mmlA_XXX
1yagA_ATP_1mu2A_GOL
1yagA_ATP_1oh0A_EQU
1yagA_ATP_1opaA_XXX
1yagA_ATP_1opbA_RET
1yagA_ATP_1pekE_XXX
1yagA_ATP_1pmpA_OLA
1yagA_ATP_1ppfE_BMA
1yagA_ATP_1proA_A88
1yagA_ATP_1q2wA_MPD
1yagA_ATP_1qjgA_EQU
1yagA_ATP_1qktA_EST
1yagA_ATP_1rxfA_FE
1yagA_ATP_1sbnE_CA
1yagA_ATP_1sgaA_XXX
1yagA_ATP_1sgcA_XXX
1yagA_ATP_1tgsZ_SO4
1yagA_ATP_1tyrA_9CR
1yagA_ATP_1vrtA_CSD
1yagA_ATP_1whsA_ACY
1yagA_ATP_1yscA_NDG
1yagA_ATP_1zncA_SO4
1yagA_ATP_2alpA_SO4
1yagA_ATP_2cbrA_A80
1yagA_ATP_2ifbA_PLM
1yagA_ATP_2lbdA_REA
1yagA_ATP_2lprA_SO4
1yagA_ATP_3ertA_OHT
1yagA_ATP_3prkE_CA
1yagA_ATP_3sgaP_ACE
1yagA_ATP_3tecE_CA
1yagA_ATP_4csmA_TSA
1yagA_ATP_4sgbE_CA
1yagA_ATP_4tglA_DEP
1zinA_AP5_1a27A_EST
1zinA_AP5_1a52A_EST
1zinA_AP5_1abiA_DPN
1zinA_AP5_1acbE_XXX
1zinA_AP5_1alqA_SO4
1zinA_AP5_1arbA_XXX
1zinA_AP5_1azmA_AZM
1zinA_AP5_1b56A_PLM
1zinA_AP5_1b6oA_ABA
1zinA_AP5_1bt5A_SO4
1zinA_AP5_1cbsA_REA
1zinA_AP5_1choF_XXX
1zinA_AP5_1comA_PRE
1zinA_AP5_1cqqA_AG7
1zinA_AP5_1cseE_CA
1zinA_AP5_1csmA_TRP
1zinA_AP5_1dbfA_SO4
1zinA_AP5_1dcsA_SO4
1zinA_AP5_1e6wA_NAD
1zinA_AP5_1ecmA_TSA
1zinA_AP5_1elaA_0Z1
1zinA_AP5_1elcA_0Z3
1zinA_AP5_1equA_EQ1
1zinA_AP5_1ereA_EST
1zinA_AP5_1errA_RAL
1zinA_AP5_1exmA_GNP
1zinA_AP5_1fbyA_9CR
1zinA_AP5_1fdsA_EST
1zinA_AP5_1femA_REA
1zinA_AP5_1fljA_ACE
1zinA_AP5_1fnjA_CSO
1zinA_AP5_1fnkA_CSD
1zinA_AP5_1ftpA_XXX
1zinA_AP5_1g5yB_9CR
1zinA_AP5_1ghpA_PNM
1zinA_AP5_1gx9A_REA
1zinA_AP5_1hahH_NAG
1zinA_AP5_1harA_XXX
1zinA_AP5_1hmsA_OLA
1zinA_AP5_1hneI_ALV
1zinA_AP5_1hsgA_XXX
1zinA_AP5_1hshA_MK1
1zinA_AP5_1hwrA_XXX
1zinA_AP5_1ifcA_XXX
1zinA_AP5_1jd0A_AZM
1zinA_AP5_1jglL_EST
1zinA_AP5_1keqA_4MZ
1zinA_AP5_1kopA_AZI
1zinA_AP5_1kqwA_RTL
1zinA_AP5_1kzkA_EDO
1zinA_AP5_1l2iA_CCS
1zinA_AP5_1lhuA_CA
1zinA_AP5_1libA_XXX
1zinA_AP5_1lidA_OLA
1zinA_AP5_1lieA_OCS
1zinA_AP5_1lvoA_DI0
1zinA_AP5_1mbmA_XXX
1zinA_AP5_1mdcA_ACE
1zinA_AP5_1mmlA_XXX
1zinA_AP5_1mu2A_GOL
1zinA_AP5_1oh0A_EQU
1zinA_AP5_1opaA_XXX
1zinA_AP5_1opbA_RET
1zinA_AP5_1pekE_XXX
1zinA_AP5_1pmpA_OLA
1zinA_AP5_1ppfE_BMA
1zinA_AP5_1proA_A88
1zinA_AP5_1q2wA_MPD
1zinA_AP5_1qjgA_EQU
1zinA_AP5_1qktA_EST
1zinA_AP5_1rxfA_FE
1zinA_AP5_1sbnE_CA
1zinA_AP5_1sgaA_XXX
1zinA_AP5_1sgcA_XXX
1zinA_AP5_1tgsZ_SO4
1zinA_AP5_1tyrA_9CR
1zinA_AP5_1vrtA_CSD
1zinA_AP5_1whsA_ACY
1zinA_AP5_1yscA_NDG
1zinA_AP5_1zncA_SO4
1zinA_AP5_2alpA_SO4
1zinA_AP5_2cbrA_A80
1zinA_AP5_2ifbA_PLM
1zinA_AP5_2lbdA_REA
1zinA_AP5_2lprA_SO4
1zinA_AP5_3ertA_OHT
1zinA_AP5_3prkE_CA
1zinA_AP5_3sgaP_ACE
1zinA_AP5_3tecE_CA
1zinA_AP5_4csmA_TSA
1zinA_AP5_4sgbE_CA
1zinA_AP5_4tglA_DEP
2srcA_ANP_1a27A_EST
2srcA_ANP_1a52A_EST
2srcA_ANP_1abiA_DPN
2srcA_ANP_1acbE_XXX
2srcA_ANP_1alqA_SO4
2srcA_ANP_1arbA_XXX
2srcA_ANP_1azmA_AZM
2srcA_ANP_1b56A_PLM
2srcA_ANP_1b6oA_ABA
2srcA_ANP_1bt5A_SO4
2srcA_ANP_1cbsA_REA
2srcA_ANP_1choF_XXX
2srcA_ANP_1comA_PRE
2srcA_ANP_1cqqA_AG7
2srcA_ANP_1cseE_CA
2srcA_ANP_1csmA_TRP
2srcA_ANP_1dbfA_SO4
2srcA_ANP_1dcsA_SO4
2srcA_ANP_1e6wA_NAD
2srcA_ANP_1ecmA_TSA
2srcA_ANP_1elaA_0Z1
2srcA_ANP_1elcA_0Z3
2srcA_ANP_1equA_EQ1
2srcA_ANP_1ereA_EST
2srcA_ANP_1errA_RAL
2srcA_ANP_1exmA_GNP
2srcA_ANP_1fbyA_9CR
2srcA_ANP_1fdsA_EST
2srcA_ANP_1femA_REA
2srcA_ANP_1fljA_ACE
2srcA_ANP_1fnjA_CSO
2srcA_ANP_1fnkA_CSD
2srcA_ANP_1ftpA_XXX
2srcA_ANP_1g5yB_9CR
2srcA_ANP_1ghpA_PNM
2srcA_ANP_1gx9A_REA
2srcA_ANP_1hahH_NAG
2srcA_ANP_1harA_XXX
2srcA_ANP_1hmsA_OLA
2srcA_ANP_1hneI_ALV
2srcA_ANP_1hsgA_XXX
2srcA_ANP_1hshA_MK1
2srcA_ANP_1hwrA_XXX
2srcA_ANP_1ifcA_XXX
2srcA_ANP_1jd0A_AZM
2srcA_ANP_1jglL_EST
2srcA_ANP_1keqA_4MZ
2srcA_ANP_1kopA_AZI
2srcA_ANP_1kqwA_RTL
2srcA_ANP_1kzkA_EDO
2srcA_ANP_1l2iA_CCS
2srcA_ANP_1lhuA_CA
2srcA_ANP_1libA_XXX
2srcA_ANP_1lidA_OLA
2srcA_ANP_1lieA_OCS
2srcA_ANP_1lvoA_DI0
2srcA_ANP_1mbmA_XXX
2srcA_ANP_1mdcA_ACE
2srcA_ANP_1mmlA_XXX
2srcA_ANP_1mu2A_GOL
2srcA_ANP_1oh0A_EQU
2srcA_ANP_1opaA_XXX
2srcA_ANP_1opbA_RET
2srcA_ANP_1pekE_XXX
2srcA_ANP_1pmpA_OLA
2srcA_ANP_1ppfE_BMA
2srcA_ANP_1proA_A88
2srcA_ANP_1q2wA_MPD
2srcA_ANP_1qjgA_EQU
2srcA_ANP_1qktA_EST
2srcA_ANP_1rxfA_FE
2srcA_ANP_1sbnE_CA
2srcA_ANP_1sgaA_XXX
2srcA_ANP_1sgcA_XXX
2srcA_ANP_1tgsZ_SO4
2srcA_ANP_1tyrA_9CR
2srcA_ANP_1vrtA_CSD
2srcA_ANP_1whsA_ACY
2srcA_ANP_1yscA_NDG
2srcA_ANP_1zncA_SO4
2srcA_ANP_2alpA_SO4
2srcA_ANP_2cbrA_A80
2srcA_ANP_2ifbA_PLM
2srcA_ANP_2lbdA_REA
2srcA_ANP_2lprA_SO4
2srcA_ANP_3ertA_OHT
2srcA_ANP_3prkE_CA
2srcA_ANP_3sgaP_ACE
2srcA_ANP_3tecE_CA
2srcA_ANP_4csmA_TSA
2srcA_ANP_4sgbE_CA
2srcA_ANP_4tglA_DEP
9ldtA_NAD_1a27A_EST
9ldtA_NAD_1a52A_EST
9ldtA_NAD_1abiA_DPN
9ldtA_NAD_1acbE_XXX
9ldtA_NAD_1alqA_SO4
9ldtA_NAD_1arbA_XXX
9ldtA_NAD_1azmA_AZM
9ldtA_NAD_1b56A_PLM
9ldtA_NAD_1b6oA_ABA
9ldtA_NAD_1bt5A_SO4
9ldtA_NAD_1cbsA_REA
9ldtA_NAD_1choF_XXX
9ldtA_NAD_1comA_PRE
9ldtA_NAD_1cqqA_AG7
9ldtA_NAD_1cseE_CA
9ldtA_NAD_1csmA_TRP
9ldtA_NAD_1dbfA_SO4
9ldtA_NAD_1dcsA_SO4
9ldtA_NAD_1e6wA_NAD
9ldtA_NAD_1ecmA_TSA
9ldtA_NAD_1elaA_0Z1
9ldtA_NAD_1elcA_0Z3
9ldtA_NAD_1equA_EQ1
9ldtA_NAD_1ereA_EST
9ldtA_NAD_1errA_RAL
9ldtA_NAD_1exmA_GNP
9ldtA_NAD_1fbyA_9CR
9ldtA_NAD_1fdsA_EST
9ldtA_NAD_1femA_REA
9ldtA_NAD_1fljA_ACE
9ldtA_NAD_1fnjA_CSO
9ldtA_NAD_1fnkA_CSD
9ldtA_NAD_1ftpA_XXX
9ldtA_NAD_1g5yB_9CR
9ldtA_NAD_1ghpA_PNM
9ldtA_NAD_1gx9A_REA
9ldtA_NAD_1hahH_NAG
9ldtA_NAD_1harA_XXX
9ldtA_NAD_1hmsA_OLA
9ldtA_NAD_1hneI_ALV
9ldtA_NAD_1hsgA_XXX
9ldtA_NAD_1hshA_MK1
9ldtA_NAD_1hwrA_XXX
9ldtA_NAD_1ifcA_XXX
9ldtA_NAD_1jd0A_AZM
9ldtA_NAD_1jglL_EST
9ldtA_NAD_1keqA_4MZ
9ldtA_NAD_1kopA_AZI
9ldtA_NAD_1kqwA_RTL
9ldtA_NAD_1kzkA_EDO
9ldtA_NAD_1l2iA_CCS
9ldtA_NAD_1lhuA_CA
9ldtA_NAD_1libA_XXX
9ldtA_NAD_1lidA_OLA
9ldtA_NAD_1lieA_OCS
9ldtA_NAD_1lvoA_DI0
9ldtA_NAD_1mbmA_XXX
9ldtA_NAD_1mdcA_ACE
9ldtA_NAD_1mmlA_XXX
9ldtA_NAD_1mu2A_GOL
9ldtA_NAD_1oh0A_EQU
9ldtA_NAD_1opaA_XXX
9ldtA_NAD_1opbA_RET
9ldtA_NAD_1pekE_XXX
9ldtA_NAD_1pmpA_OLA
9ldtA_NAD_1ppfE_BMA
9ldtA_NAD_1proA_A88
9ldtA_NAD_1q2wA_MPD
9ldtA_NAD_1qjgA_EQU
9ldtA_NAD_1qktA_EST
9ldtA_NAD_1rxfA_FE
9ldtA_NAD_1sbnE_CA
9ldtA_NAD_1sgaA_XXX
9ldtA_NAD_1sgcA_XXX
9ldtA_NAD_1tgsZ_SO4
9ldtA_NAD_1tyrA_9CR
9ldtA_NAD_1vrtA_CSD
9ldtA_NAD_1whsA_ACY
9ldtA_NAD_1yscA_NDG
9ldtA_NAD_1zncA_SO4
9ldtA_NAD_2alpA_SO4
9ldtA_NAD_2cbrA_A80
9ldtA_NAD_2ifbA_PLM
9ldtA_NAD_2lbdA_REA
9ldtA_NAD_2lprA_SO4
9ldtA_NAD_3ertA_OHT
9ldtA_NAD_3prkE_CA
9ldtA_NAD_3sgaP_ACE
9ldtA_NAD_3tecE_CA
9ldtA_NAD_4csmA_TSA
9ldtA_NAD_4sgbE_CA
9ldtA_NAD_4tglA_DEP
