1a49A_ATP_1a82A_ATP
1a49A_ATP_1adsA_NAP
1a49A_ATP_1atpE_ATP
1a49A_ATP_1aylA_ATP
1a49A_ATP_1b4vA_FAD
1a49A_ATP_1b8aA_ATP
1a49A_ATP_1bx4A_ADN
1a49A_ATP_1byqA_ADP
1a49A_ATP_1cscA_CMC
1a49A_ATP_1csnA_ATP
1a49A_ATP_1e2qA_ATP
1a49A_ATP_1e8xA_ATP
1a49A_ATP_1f9aA_ATP
1a49A_ATP_1fmwA_ATP
1a49A_ATP_1g5tA_ATP
1a49A_ATP_1gn8A_ATP
1a49A_ATP_1hckA_ATP
1a49A_ATP_1hplA_CA
1a49A_ATP_1j7kA_ATP
1a49A_ATP_1jjvA_ATP
1a49A_ATP_1kayA_ATP
1a49A_ATP_1kp2A_ATP
1a49A_ATP_1kpfA_AMP
1a49A_ATP_1mjhA_ATP
1a49A_ATP_1mmgA_AGS
1a49A_ATP_1nhkR_CMP
1a49A_ATP_1nsfA_ATP
1a49A_ATP_1phkA_ATP
1a49A_ATP_1qmmA_ATP
1a49A_ATP_1yagA_ATP
1a49A_ATP_1zinA_AP5
1a49A_ATP_2srcA_ANP
1a49A_ATP_9ldtA_NAD
1a82A_ATP_1adsA_NAP
1a82A_ATP_1atpE_ATP
1a82A_ATP_1aylA_ATP
1a82A_ATP_1b4vA_FAD
1a82A_ATP_1b8aA_ATP
1a82A_ATP_1bx4A_ADN
1a82A_ATP_1byqA_ADP
1a82A_ATP_1cscA_CMC
1a82A_ATP_1csnA_ATP
1a82A_ATP_1e2qA_ATP
1a82A_ATP_1e8xA_ATP
1a82A_ATP_1f9aA_ATP
1a82A_ATP_1fmwA_ATP
1a82A_ATP_1g5tA_ATP
1a82A_ATP_1gn8A_ATP
1a82A_ATP_1hckA_ATP
1a82A_ATP_1hplA_CA
1a82A_ATP_1j7kA_ATP
1a82A_ATP_1jjvA_ATP
1a82A_ATP_1kayA_ATP
1a82A_ATP_1kp2A_ATP
1a82A_ATP_1kpfA_AMP
1a82A_ATP_1mjhA_ATP
1a82A_ATP_1mmgA_AGS
1a82A_ATP_1nhkR_CMP
1a82A_ATP_1nsfA_ATP
1a82A_ATP_1phkA_ATP
1a82A_ATP_1qmmA_ATP
1a82A_ATP_1yagA_ATP
1a82A_ATP_1zinA_AP5
1a82A_ATP_2srcA_ANP
1a82A_ATP_9ldtA_NAD
1adsA_NAP_1atpE_ATP
1adsA_NAP_1aylA_ATP
1adsA_NAP_1b4vA_FAD
1adsA_NAP_1b8aA_ATP
1adsA_NAP_1bx4A_ADN
1adsA_NAP_1byqA_ADP
1adsA_NAP_1cscA_CMC
1adsA_NAP_1csnA_ATP
1adsA_NAP_1e2qA_ATP
1adsA_NAP_1e8xA_ATP
1adsA_NAP_1f9aA_ATP
1adsA_NAP_1fmwA_ATP
1adsA_NAP_1g5tA_ATP
1adsA_NAP_1gn8A_ATP
1adsA_NAP_1hckA_ATP
1adsA_NAP_1hplA_CA
1adsA_NAP_1j7kA_ATP
1adsA_NAP_1jjvA_ATP
1adsA_NAP_1kayA_ATP
1adsA_NAP_1kp2A_ATP
1adsA_NAP_1kpfA_AMP
1adsA_NAP_1mjhA_ATP
1adsA_NAP_1mmgA_AGS
1adsA_NAP_1nhkR_CMP
1adsA_NAP_1nsfA_ATP
1adsA_NAP_1phkA_ATP
1adsA_NAP_1qmmA_ATP
1adsA_NAP_1yagA_ATP
1adsA_NAP_1zinA_AP5
1adsA_NAP_2srcA_ANP
1adsA_NAP_9ldtA_NAD
1atpE_ATP_1aylA_ATP
1atpE_ATP_1b4vA_FAD
1atpE_ATP_1b8aA_ATP
1atpE_ATP_1bx4A_ADN
1atpE_ATP_1byqA_ADP
1atpE_ATP_1cscA_CMC
1atpE_ATP_1csnA_ATP
1atpE_ATP_1e2qA_ATP
1atpE_ATP_1e8xA_ATP
1atpE_ATP_1f9aA_ATP
1atpE_ATP_1fmwA_ATP
1atpE_ATP_1g5tA_ATP
1atpE_ATP_1gn8A_ATP
1atpE_ATP_1hckA_ATP
1atpE_ATP_1hplA_CA
1atpE_ATP_1j7kA_ATP
1atpE_ATP_1jjvA_ATP
1atpE_ATP_1kayA_ATP
1atpE_ATP_1kp2A_ATP
1atpE_ATP_1kpfA_AMP
1atpE_ATP_1mjhA_ATP
1atpE_ATP_1mmgA_AGS
1atpE_ATP_1nhkR_CMP
1atpE_ATP_1nsfA_ATP
1atpE_ATP_1phkA_ATP
1atpE_ATP_1qmmA_ATP
1atpE_ATP_1yagA_ATP
1atpE_ATP_1zinA_AP5
1atpE_ATP_2srcA_ANP
1atpE_ATP_9ldtA_NAD
1aylA_ATP_1b4vA_FAD
1aylA_ATP_1b8aA_ATP
1aylA_ATP_1bx4A_ADN
1aylA_ATP_1byqA_ADP
1aylA_ATP_1cscA_CMC
1aylA_ATP_1csnA_ATP
1aylA_ATP_1e2qA_ATP
1aylA_ATP_1e8xA_ATP
1aylA_ATP_1f9aA_ATP
1aylA_ATP_1fmwA_ATP
1aylA_ATP_1g5tA_ATP
1aylA_ATP_1gn8A_ATP
1aylA_ATP_1hckA_ATP
1aylA_ATP_1hplA_CA
1aylA_ATP_1j7kA_ATP
1aylA_ATP_1jjvA_ATP
1aylA_ATP_1kayA_ATP
1aylA_ATP_1kp2A_ATP
1aylA_ATP_1kpfA_AMP
1aylA_ATP_1mjhA_ATP
1aylA_ATP_1mmgA_AGS
1aylA_ATP_1nhkR_CMP
1aylA_ATP_1nsfA_ATP
1aylA_ATP_1phkA_ATP
1aylA_ATP_1qmmA_ATP
1aylA_ATP_1yagA_ATP
1aylA_ATP_1zinA_AP5
1aylA_ATP_2srcA_ANP
1aylA_ATP_9ldtA_NAD
1b4vA_FAD_1b8aA_ATP
1b4vA_FAD_1bx4A_ADN
1b4vA_FAD_1byqA_ADP
1b4vA_FAD_1cscA_CMC
1b4vA_FAD_1csnA_ATP
1b4vA_FAD_1e2qA_ATP
1b4vA_FAD_1e8xA_ATP
1b4vA_FAD_1f9aA_ATP
1b4vA_FAD_1fmwA_ATP
1b4vA_FAD_1g5tA_ATP
1b4vA_FAD_1gn8A_ATP
1b4vA_FAD_1hckA_ATP
1b4vA_FAD_1hplA_CA
1b4vA_FAD_1j7kA_ATP
1b4vA_FAD_1jjvA_ATP
1b4vA_FAD_1kayA_ATP
1b4vA_FAD_1kp2A_ATP
1b4vA_FAD_1kpfA_AMP
1b4vA_FAD_1mjhA_ATP
1b4vA_FAD_1mmgA_AGS
1b4vA_FAD_1nhkR_CMP
1b4vA_FAD_1nsfA_ATP
1b4vA_FAD_1phkA_ATP
1b4vA_FAD_1qmmA_ATP
1b4vA_FAD_1yagA_ATP
1b4vA_FAD_1zinA_AP5
1b4vA_FAD_2srcA_ANP
1b4vA_FAD_9ldtA_NAD
1b8aA_ATP_1bx4A_ADN
1b8aA_ATP_1byqA_ADP
1b8aA_ATP_1cscA_CMC
1b8aA_ATP_1csnA_ATP
1b8aA_ATP_1e2qA_ATP
1b8aA_ATP_1e8xA_ATP
1b8aA_ATP_1f9aA_ATP
1b8aA_ATP_1fmwA_ATP
1b8aA_ATP_1g5tA_ATP
1b8aA_ATP_1gn8A_ATP
1b8aA_ATP_1hckA_ATP
1b8aA_ATP_1hplA_CA
1b8aA_ATP_1j7kA_ATP
1b8aA_ATP_1jjvA_ATP
1b8aA_ATP_1kayA_ATP
1b8aA_ATP_1kp2A_ATP
1b8aA_ATP_1kpfA_AMP
1b8aA_ATP_1mjhA_ATP
1b8aA_ATP_1mmgA_AGS
1b8aA_ATP_1nhkR_CMP
1b8aA_ATP_1nsfA_ATP
1b8aA_ATP_1phkA_ATP
1b8aA_ATP_1qmmA_ATP
1b8aA_ATP_1yagA_ATP
1b8aA_ATP_1zinA_AP5
1b8aA_ATP_2srcA_ANP
1b8aA_ATP_9ldtA_NAD
1bx4A_ADN_1byqA_ADP
1bx4A_ADN_1cscA_CMC
1bx4A_ADN_1csnA_ATP
1bx4A_ADN_1e2qA_ATP
1bx4A_ADN_1e8xA_ATP
1bx4A_ADN_1f9aA_ATP
1bx4A_ADN_1fmwA_ATP
1bx4A_ADN_1g5tA_ATP
1bx4A_ADN_1gn8A_ATP
1bx4A_ADN_1hckA_ATP
1bx4A_ADN_1hplA_CA
1bx4A_ADN_1j7kA_ATP
1bx4A_ADN_1jjvA_ATP
1bx4A_ADN_1kayA_ATP
1bx4A_ADN_1kp2A_ATP
1bx4A_ADN_1kpfA_AMP
1bx4A_ADN_1mjhA_ATP
1bx4A_ADN_1mmgA_AGS
1bx4A_ADN_1nhkR_CMP
1bx4A_ADN_1nsfA_ATP
1bx4A_ADN_1phkA_ATP
1bx4A_ADN_1qmmA_ATP
1bx4A_ADN_1yagA_ATP
1bx4A_ADN_1zinA_AP5
1bx4A_ADN_2srcA_ANP
1bx4A_ADN_9ldtA_NAD
1byqA_ADP_1cscA_CMC
1byqA_ADP_1csnA_ATP
1byqA_ADP_1e2qA_ATP
1byqA_ADP_1e8xA_ATP
1byqA_ADP_1f9aA_ATP
1byqA_ADP_1fmwA_ATP
1byqA_ADP_1g5tA_ATP
1byqA_ADP_1gn8A_ATP
1byqA_ADP_1hckA_ATP
1byqA_ADP_1hplA_CA
1byqA_ADP_1j7kA_ATP
1byqA_ADP_1jjvA_ATP
1byqA_ADP_1kayA_ATP
1byqA_ADP_1kp2A_ATP
1byqA_ADP_1kpfA_AMP
1byqA_ADP_1mjhA_ATP
1byqA_ADP_1mmgA_AGS
1byqA_ADP_1nhkR_CMP
1byqA_ADP_1nsfA_ATP
1byqA_ADP_1phkA_ATP
1byqA_ADP_1qmmA_ATP
1byqA_ADP_1yagA_ATP
1byqA_ADP_1zinA_AP5
1byqA_ADP_2srcA_ANP
1byqA_ADP_9ldtA_NAD
1cscA_CMC_1csnA_ATP
1cscA_CMC_1e2qA_ATP
1cscA_CMC_1e8xA_ATP
1cscA_CMC_1f9aA_ATP
1cscA_CMC_1fmwA_ATP
1cscA_CMC_1g5tA_ATP
1cscA_CMC_1gn8A_ATP
1cscA_CMC_1hckA_ATP
1cscA_CMC_1hplA_CA
1cscA_CMC_1j7kA_ATP
1cscA_CMC_1jjvA_ATP
1cscA_CMC_1kayA_ATP
1cscA_CMC_1kp2A_ATP
1cscA_CMC_1kpfA_AMP
1cscA_CMC_1mjhA_ATP
1cscA_CMC_1mmgA_AGS
1cscA_CMC_1nhkR_CMP
1cscA_CMC_1nsfA_ATP
1cscA_CMC_1phkA_ATP
1cscA_CMC_1qmmA_ATP
1cscA_CMC_1yagA_ATP
1cscA_CMC_1zinA_AP5
1cscA_CMC_2srcA_ANP
1cscA_CMC_9ldtA_NAD
1csnA_ATP_1e2qA_ATP
1csnA_ATP_1e8xA_ATP
1csnA_ATP_1f9aA_ATP
1csnA_ATP_1fmwA_ATP
1csnA_ATP_1g5tA_ATP
1csnA_ATP_1gn8A_ATP
1csnA_ATP_1hckA_ATP
1csnA_ATP_1hplA_CA
1csnA_ATP_1j7kA_ATP
1csnA_ATP_1jjvA_ATP
1csnA_ATP_1kayA_ATP
1csnA_ATP_1kp2A_ATP
1csnA_ATP_1kpfA_AMP
1csnA_ATP_1mjhA_ATP
1csnA_ATP_1mmgA_AGS
1csnA_ATP_1nhkR_CMP
1csnA_ATP_1nsfA_ATP
1csnA_ATP_1phkA_ATP
1csnA_ATP_1qmmA_ATP
1csnA_ATP_1yagA_ATP
1csnA_ATP_1zinA_AP5
1csnA_ATP_2srcA_ANP
1csnA_ATP_9ldtA_NAD
1e2qA_ATP_1e8xA_ATP
1e2qA_ATP_1f9aA_ATP
1e2qA_ATP_1fmwA_ATP
1e2qA_ATP_1g5tA_ATP
1e2qA_ATP_1gn8A_ATP
1e2qA_ATP_1hckA_ATP
1e2qA_ATP_1hplA_CA
1e2qA_ATP_1j7kA_ATP
1e2qA_ATP_1jjvA_ATP
1e2qA_ATP_1kayA_ATP
1e2qA_ATP_1kp2A_ATP
1e2qA_ATP_1kpfA_AMP
1e2qA_ATP_1mjhA_ATP
1e2qA_ATP_1mmgA_AGS
1e2qA_ATP_1nhkR_CMP
1e2qA_ATP_1nsfA_ATP
1e2qA_ATP_1phkA_ATP
1e2qA_ATP_1qmmA_ATP
1e2qA_ATP_1yagA_ATP
1e2qA_ATP_1zinA_AP5
1e2qA_ATP_2srcA_ANP
1e2qA_ATP_9ldtA_NAD
1e8xA_ATP_1f9aA_ATP
1e8xA_ATP_1fmwA_ATP
1e8xA_ATP_1g5tA_ATP
1e8xA_ATP_1gn8A_ATP
1e8xA_ATP_1hckA_ATP
1e8xA_ATP_1hplA_CA
1e8xA_ATP_1j7kA_ATP
1e8xA_ATP_1jjvA_ATP
1e8xA_ATP_1kayA_ATP
1e8xA_ATP_1kp2A_ATP
1e8xA_ATP_1kpfA_AMP
1e8xA_ATP_1mjhA_ATP
1e8xA_ATP_1mmgA_AGS
1e8xA_ATP_1nhkR_CMP
1e8xA_ATP_1nsfA_ATP
1e8xA_ATP_1phkA_ATP
1e8xA_ATP_1qmmA_ATP
1e8xA_ATP_1yagA_ATP
1e8xA_ATP_1zinA_AP5
1e8xA_ATP_2srcA_ANP
1e8xA_ATP_9ldtA_NAD
1f9aA_ATP_1fmwA_ATP
1f9aA_ATP_1g5tA_ATP
1f9aA_ATP_1gn8A_ATP
1f9aA_ATP_1hckA_ATP
1f9aA_ATP_1hplA_CA
1f9aA_ATP_1j7kA_ATP
1f9aA_ATP_1jjvA_ATP
1f9aA_ATP_1kayA_ATP
1f9aA_ATP_1kp2A_ATP
1f9aA_ATP_1kpfA_AMP
1f9aA_ATP_1mjhA_ATP
1f9aA_ATP_1mmgA_AGS
1f9aA_ATP_1nhkR_CMP
1f9aA_ATP_1nsfA_ATP
1f9aA_ATP_1phkA_ATP
1f9aA_ATP_1qmmA_ATP
1f9aA_ATP_1yagA_ATP
1f9aA_ATP_1zinA_AP5
1f9aA_ATP_2srcA_ANP
1f9aA_ATP_9ldtA_NAD
1fmwA_ATP_1g5tA_ATP
1fmwA_ATP_1gn8A_ATP
1fmwA_ATP_1hckA_ATP
1fmwA_ATP_1hplA_CA
1fmwA_ATP_1j7kA_ATP
1fmwA_ATP_1jjvA_ATP
1fmwA_ATP_1kayA_ATP
1fmwA_ATP_1kp2A_ATP
1fmwA_ATP_1kpfA_AMP
1fmwA_ATP_1mjhA_ATP
1fmwA_ATP_1mmgA_AGS
1fmwA_ATP_1nhkR_CMP
1fmwA_ATP_1nsfA_ATP
1fmwA_ATP_1phkA_ATP
1fmwA_ATP_1qmmA_ATP
1fmwA_ATP_1yagA_ATP
1fmwA_ATP_1zinA_AP5
1fmwA_ATP_2srcA_ANP
1fmwA_ATP_9ldtA_NAD
1g5tA_ATP_1gn8A_ATP
1g5tA_ATP_1hckA_ATP
1g5tA_ATP_1hplA_CA
1g5tA_ATP_1j7kA_ATP
1g5tA_ATP_1jjvA_ATP
1g5tA_ATP_1kayA_ATP
1g5tA_ATP_1kp2A_ATP
1g5tA_ATP_1kpfA_AMP
1g5tA_ATP_1mjhA_ATP
1g5tA_ATP_1mmgA_AGS
1g5tA_ATP_1nhkR_CMP
1g5tA_ATP_1nsfA_ATP
1g5tA_ATP_1phkA_ATP
1g5tA_ATP_1qmmA_ATP
1g5tA_ATP_1yagA_ATP
1g5tA_ATP_1zinA_AP5
1g5tA_ATP_2srcA_ANP
1g5tA_ATP_9ldtA_NAD
1gn8A_ATP_1hckA_ATP
1gn8A_ATP_1hplA_CA
1gn8A_ATP_1j7kA_ATP
1gn8A_ATP_1jjvA_ATP
1gn8A_ATP_1kayA_ATP
1gn8A_ATP_1kp2A_ATP
1gn8A_ATP_1kpfA_AMP
1gn8A_ATP_1mjhA_ATP
1gn8A_ATP_1mmgA_AGS
1gn8A_ATP_1nhkR_CMP
1gn8A_ATP_1nsfA_ATP
1gn8A_ATP_1phkA_ATP
1gn8A_ATP_1qmmA_ATP
1gn8A_ATP_1yagA_ATP
1gn8A_ATP_1zinA_AP5
1gn8A_ATP_2srcA_ANP
1gn8A_ATP_9ldtA_NAD
1hckA_ATP_1hplA_CA
1hckA_ATP_1j7kA_ATP
1hckA_ATP_1jjvA_ATP
1hckA_ATP_1kayA_ATP
1hckA_ATP_1kp2A_ATP
1hckA_ATP_1kpfA_AMP
1hckA_ATP_1mjhA_ATP
1hckA_ATP_1mmgA_AGS
1hckA_ATP_1nhkR_CMP
1hckA_ATP_1nsfA_ATP
1hckA_ATP_1phkA_ATP
1hckA_ATP_1qmmA_ATP
1hckA_ATP_1yagA_ATP
1hckA_ATP_1zinA_AP5
1hckA_ATP_2srcA_ANP
1hckA_ATP_9ldtA_NAD
1hplA_CA_1j7kA_ATP
1hplA_CA_1jjvA_ATP
1hplA_CA_1kayA_ATP
1hplA_CA_1kp2A_ATP
1hplA_CA_1kpfA_AMP
1hplA_CA_1mjhA_ATP
1hplA_CA_1mmgA_AGS
1hplA_CA_1nhkR_CMP
1hplA_CA_1nsfA_ATP
1hplA_CA_1phkA_ATP
1hplA_CA_1qmmA_ATP
1hplA_CA_1yagA_ATP
1hplA_CA_1zinA_AP5
1hplA_CA_2srcA_ANP
1hplA_CA_9ldtA_NAD
1j7kA_ATP_1jjvA_ATP
1j7kA_ATP_1kayA_ATP
1j7kA_ATP_1kp2A_ATP
1j7kA_ATP_1kpfA_AMP
1j7kA_ATP_1mjhA_ATP
1j7kA_ATP_1mmgA_AGS
1j7kA_ATP_1nhkR_CMP
1j7kA_ATP_1nsfA_ATP
1j7kA_ATP_1phkA_ATP
1j7kA_ATP_1qmmA_ATP
1j7kA_ATP_1yagA_ATP
1j7kA_ATP_1zinA_AP5
1j7kA_ATP_2srcA_ANP
1j7kA_ATP_9ldtA_NAD
1jjvA_ATP_1kayA_ATP
1jjvA_ATP_1kp2A_ATP
1jjvA_ATP_1kpfA_AMP
1jjvA_ATP_1mjhA_ATP
1jjvA_ATP_1mmgA_AGS
1jjvA_ATP_1nhkR_CMP
1jjvA_ATP_1nsfA_ATP
1jjvA_ATP_1phkA_ATP
1jjvA_ATP_1qmmA_ATP
1jjvA_ATP_1yagA_ATP
1jjvA_ATP_1zinA_AP5
1jjvA_ATP_2srcA_ANP
1jjvA_ATP_9ldtA_NAD
1kayA_ATP_1kp2A_ATP
1kayA_ATP_1kpfA_AMP
1kayA_ATP_1mjhA_ATP
1kayA_ATP_1mmgA_AGS
1kayA_ATP_1nhkR_CMP
1kayA_ATP_1nsfA_ATP
1kayA_ATP_1phkA_ATP
1kayA_ATP_1qmmA_ATP
1kayA_ATP_1yagA_ATP
1kayA_ATP_1zinA_AP5
1kayA_ATP_2srcA_ANP
1kayA_ATP_9ldtA_NAD
1kp2A_ATP_1kpfA_AMP
1kp2A_ATP_1mjhA_ATP
1kp2A_ATP_1mmgA_AGS
1kp2A_ATP_1nhkR_CMP
1kp2A_ATP_1nsfA_ATP
1kp2A_ATP_1phkA_ATP
1kp2A_ATP_1qmmA_ATP
1kp2A_ATP_1yagA_ATP
1kp2A_ATP_1zinA_AP5
1kp2A_ATP_2srcA_ANP
1kp2A_ATP_9ldtA_NAD
1kpfA_AMP_1mjhA_ATP
1kpfA_AMP_1mmgA_AGS
1kpfA_AMP_1nhkR_CMP
1kpfA_AMP_1nsfA_ATP
1kpfA_AMP_1phkA_ATP
1kpfA_AMP_1qmmA_ATP
1kpfA_AMP_1yagA_ATP
1kpfA_AMP_1zinA_AP5
1kpfA_AMP_2srcA_ANP
1kpfA_AMP_9ldtA_NAD
1mjhA_ATP_1mmgA_AGS
1mjhA_ATP_1nhkR_CMP
1mjhA_ATP_1nsfA_ATP
1mjhA_ATP_1phkA_ATP
1mjhA_ATP_1qmmA_ATP
1mjhA_ATP_1yagA_ATP
1mjhA_ATP_1zinA_AP5
1mjhA_ATP_2srcA_ANP
1mjhA_ATP_9ldtA_NAD
1mmgA_AGS_1nhkR_CMP
1mmgA_AGS_1nsfA_ATP
1mmgA_AGS_1phkA_ATP
1mmgA_AGS_1qmmA_ATP
1mmgA_AGS_1yagA_ATP
1mmgA_AGS_1zinA_AP5
1mmgA_AGS_2srcA_ANP
1mmgA_AGS_9ldtA_NAD
1nhkR_CMP_1nsfA_ATP
1nhkR_CMP_1phkA_ATP
1nhkR_CMP_1qmmA_ATP
1nhkR_CMP_1yagA_ATP
1nhkR_CMP_1zinA_AP5
1nhkR_CMP_2srcA_ANP
1nhkR_CMP_9ldtA_NAD
1nsfA_ATP_1phkA_ATP
1nsfA_ATP_1qmmA_ATP
1nsfA_ATP_1yagA_ATP
1nsfA_ATP_1zinA_AP5
1nsfA_ATP_2srcA_ANP
1nsfA_ATP_9ldtA_NAD
1phkA_ATP_1qmmA_ATP
1phkA_ATP_1yagA_ATP
1phkA_ATP_1zinA_AP5
1phkA_ATP_2srcA_ANP
1phkA_ATP_9ldtA_NAD
1qmmA_ATP_1yagA_ATP
1qmmA_ATP_1zinA_AP5
1qmmA_ATP_2srcA_ANP
1qmmA_ATP_9ldtA_NAD
1yagA_ATP_1zinA_AP5
1yagA_ATP_2srcA_ANP
1yagA_ATP_9ldtA_NAD
1zinA_AP5_2srcA_ANP
1zinA_AP5_9ldtA_NAD
2srcA_ANP_9ldtA_NAD
